AR counter_11b_en_trans behavioral /home/kimei/VHDL/trigger/Trigger/HW/HDL/UDP/UDP_mr/COUNTER_11B_EN_TRANS.vhd sub00/vhpl03 1323693497
AR packet_receiver_fsm behavioral /home/kimei/VHDL/trigger/Trigger/HW/HDL/UDP/UDP_mr/PACKET_RECEIVER_FSM.vhd sub00/vhpl05 1323693509
EN sync_trigger NULL /home/kimei/VHDL/trigger/Trigger/HW/HDL/Sync_Trigger/Sync_trigger.vhd sub00/vhpl73 1323693579
EN reg_8b_wren NULL /home/kimei/VHDL/trigger/Trigger/HW/HDL/UDP/UDP_mr/REG_8b_wren.vhd sub00/vhpl06 1323693510
AR gmii_if phy_if /home/kimei/VHDL/trigger/Trigger/HW/HDL/UDP/CoreGEN/v5_emac_v1_5/example_design/physical/gmii_if.vhd sub00/vhpl29 1323693505
PB functions functions /home/kimei/VHDL/trigger/Trigger/HW/HDL/Shared/functions.vhd sub00/vhpl34 1323693532
EN fifo_generator_v8_1_8b NULL /home/kimei/VHDL/trigger/Trigger/HW/HDL/top_sxt/top_sxt/ipcore_dir/fifo_generator_v8_1_8b.vhd sub00/vhpl37 1323693543
AR send_fifo_core send_fifo_core_a /home/kimei/VHDL/trigger/Trigger/HW/HDL/top_sxt/top_sxt/ipcore_dir/send_fifo_core.vhd sub00/vhpl66 1316514869
AR fifo_generator_v8_1_8b fifo_generator_v8_1_8b_a /home/kimei/VHDL/trigger/Trigger/HW/HDL/top_sxt/top_sxt/ipcore_dir/fifo_generator_v8_1_8b.vhd sub00/vhpl38 1323693544
AR v5_emac_v1_5_locallink top_level /home/kimei/VHDL/trigger/Trigger/HW/HDL/UDP/CoreGEN/v5_emac_v1_5/example_design/v5_emac_v1_5_locallink.vhd sub00/vhpl54 1323693568
AR cru behavioral /home/kimei/VHDL/trigger/Trigger/HW/HDL/CRU/CRU.vhd sub00/vhpl72 1323693578
EN tx_client_fifo_8 NULL /home/kimei/VHDL/trigger/Trigger/HW/HDL/UDP/CoreGEN/v5_emac_v1_5/example_design/client/fifo/tx_client_fifo_8.vhd sub00/vhpl24 1323693500
AR udp_rec behave /home/kimei/VHDL/trigger/Trigger/HW/HDL/UDP/UDP_rec_kim/udp_rec.vhd sub00/vhpl58 1323693562
AR comp_11b_equal comp_11b_equal_a /home/kimei/VHDL/trigger/Trigger/HW/HDL/UDP/UDP_mr/comp_11b_equal.vhd sub00/vhpl84 1323693499
AR eth_fifo_8 rtl /home/kimei/VHDL/trigger/Trigger/HW/HDL/UDP/CoreGEN/v5_emac_v1_5/example_design/client/fifo/eth_fifo_8.vhd sub00/vhpl52 1323693538
AR udp_ip_core behavioral /home/kimei/VHDL/trigger/Trigger/HW/HDL/UDP/UDP_mr/UDP_IP_Core.vhd sub00/vhpl56 1323693564
EN trigger_time_fifo NULL /home/kimei/VHDL/trigger/Trigger/HW/HDL/top_sxt/top_sxt/ipcore_dir/trigger_time_fifo.vhd sub00/vhpl41 1323693547
AR rx_client_fifo_8 rtl /home/kimei/VHDL/trigger/Trigger/HW/HDL/UDP/CoreGEN/v5_emac_v1_5/example_design/client/fifo/rx_client_fifo_8.vhd sub00/vhpl27 1323693503
AR ipv4_packet_receiver behavioral /home/kimei/VHDL/trigger/Trigger/HW/HDL/UDP/UDP_mr/IPv4_PACKET_RECEIVER.vhd sub00/vhpl48 1323693542
EN v5_emac_v1_5_example_design NULL /home/kimei/VHDL/trigger/Trigger/HW/HDL/UDP/CoreGEN/v5_emac_v1_5/example_design/v5_emac_v1_5_example_design.vhd sub00/vhpl77 1323693583
EN async_trigger NULL /home/kimei/VHDL/trigger/Trigger/HW/HDL/async_trigger/async_trigger.vhd sub00/vhpl61 1323693559
EN rx_client_fifo_8 NULL /home/kimei/VHDL/trigger/Trigger/HW/HDL/UDP/CoreGEN/v5_emac_v1_5/example_design/client/fifo/rx_client_fifo_8.vhd sub00/vhpl26 1323693502
AR v5_emac_v1_5_example_design top_level /home/kimei/VHDL/trigger/Trigger/HW/HDL/UDP/CoreGEN/v5_emac_v1_5/example_design/v5_emac_v1_5_example_design.vhd sub00/vhpl78 1323693584
AR reg_16b_wren behavioral /home/kimei/VHDL/trigger/Trigger/HW/HDL/UDP/UDP_mr/REG_16B_WREN.vhd sub00/vhpl13 1323693517
EN gmii_if NULL /home/kimei/VHDL/trigger/Trigger/HW/HDL/UDP/CoreGEN/v5_emac_v1_5/example_design/physical/gmii_if.vhd sub00/vhpl28 1323693504
PH constants NULL /home/kimei/VHDL/trigger/Trigger/HW/HDL/Shared/constants.vhd sub00/vhpl32 1323693530
EN ipv4_packet_transmitter NULL /home/kimei/VHDL/trigger/Trigger/HW/HDL/UDP/UDP_mr/IPV4_PACKET_TRANSMITTER.vhd sub00/vhpl45 1323693539
EN fifo_generator_v8_1 NULL /home/kimei/VHDL/trigger/Trigger/HW/HDL/top_sxt/top_sxt/ipcore_dir/fifo_generator_v8_1.vhd sub00/vhpl43 1323693551
EN dist_mem_64x8 NULL /home/kimei/VHDL/trigger/Trigger/HW/HDL/UDP/UDP_mr/dist_mem_64x8.vhd sub00/vhpl85 1323693520
EN v5_emac_v1_5_block NULL /home/kimei/VHDL/trigger/Trigger/HW/HDL/UDP/CoreGEN/v5_emac_v1_5/example_design/v5_emac_v1_5_block.vhd sub00/vhpl49 1323693553
EN async_trigger_2 NULL /home/kimei/VHDL/trigger/Trigger/HW/HDL/async_trigger/async_trigger_2.vhd sub00/vhpl99 1319117796
AR allow_zero_udp_checksum behavioral /home/kimei/VHDL/trigger/Trigger/HW/HDL/UDP/UDP_mr/ALLOW_ZERO_UDP_CHECKSUM.vhd sub00/vhpl19 1323693525
AR receiver_control behave /home/kimei/VHDL/trigger/Trigger/HW/HDL/UDP/UDP_rec_kim/receiver_control.vhd sub00/vhpl60 1323693570
EN rand_trigger NULL /home/kimei/VHDL/trigger/Trigger/HW/HDL/random_trigger/rand_trigger.vhd sub00/vhpl75 1323693581
AR dist_mem_64x8 dist_mem_64x8_a /home/kimei/VHDL/trigger/Trigger/HW/HDL/UDP/UDP_mr/dist_mem_64x8.vhd sub00/vhpl86 1323693521
AR rand_trigger behavioral /home/kimei/VHDL/trigger/Trigger/HW/HDL/random_trigger/rand_trigger.vhd sub00/vhpl76 1323693582
EN temac2 NULL /home/kimei/VHDL/trigger/Trigger/HW/HDL/top_sxt/temac2/example_TEMAC2_design/TEMAC2/example_design/TEMAC2.vhd sub00/vhpl95 1323693506
AR a2s rtl /home/kimei/VHDL/trigger/Trigger/HW/HDL/Shared/a2s.vhd sub00/vhpl68 1323693574
AR target_eof behavioral /home/kimei/VHDL/trigger/Trigger/HW/HDL/UDP/UDP_mr/TARGET_EOF.vhd sub00/vhpl11 1323693515
EN counter_11b_en_trans NULL /home/kimei/VHDL/trigger/Trigger/HW/HDL/UDP/UDP_mr/COUNTER_11B_EN_TRANS.vhd sub00/vhpl02 1323693496
EN temac2_locallink NULL /home/kimei/VHDL/trigger/Trigger/HW/HDL/top_sxt/temac2/example_TEMAC2_design/TEMAC2/example_design/TEMAC2_locallink.vhd sub00/vhpl91 1323693565
EN rate_counter NULL /home/kimei/VHDL/trigger/Trigger/HW/HDL/rate_counter/rate_counter.vhd sub00/vhpl63 1323693557
EN temac2_example_design NULL /home/kimei/VHDL/trigger/Trigger/HW/HDL/top_sxt/temac2/example_TEMAC2_design/TEMAC2/example_design/TEMAC2_example_design.vhd sub00/vhpl93 1323693585
EN cru NULL /home/kimei/VHDL/trigger/Trigger/HW/HDL/CRU/CRU.vhd sub00/vhpl71 1323693577
AR rate_counter behave /home/kimei/VHDL/trigger/Trigger/HW/HDL/rate_counter/rate_counter.vhd sub00/vhpl64 1323693558
AR v5_emac_v1_5_block top_level /home/kimei/VHDL/trigger/Trigger/HW/HDL/UDP/CoreGEN/v5_emac_v1_5/example_design/v5_emac_v1_5_block.vhd sub00/vhpl50 1323693554
EN udp_rec NULL /home/kimei/VHDL/trigger/Trigger/HW/HDL/UDP/UDP_rec_kim/udp_rec.vhd sub00/vhpl57 1323693561
EN comp_6b_equal NULL /home/kimei/VHDL/trigger/Trigger/HW/HDL/UDP/UDP_mr/comp_6b_equal.vhd sub00/vhpl81 1323693492
AR enable_user_data_transmission behavioral /home/kimei/VHDL/trigger/Trigger/HW/HDL/UDP/UDP_mr/ENABLE_USER_DATA_TRANSMISSION.vhd sub00/vhpl21 1323693527
AR fifo_generator_v8_1 fifo_generator_v8_1_a /home/kimei/VHDL/trigger/Trigger/HW/HDL/top_sxt/top_sxt/ipcore_dir/fifo_generator_v8_1.vhd sub00/vhpl44 1323693552
EN a2s NULL /home/kimei/VHDL/trigger/Trigger/HW/HDL/Shared/a2s.vhd sub00/vhpl67 1323693573
AR pll_core behavioral /home/kimei/VHDL/trigger/Trigger/HW/HDL/top_sxt/top_sxt/PLL_core.vhd sub00/vhpl88 1323693572
EN top NULL /home/kimei/VHDL/trigger/Trigger/HW/HDL/top_sxt/top_sxt/top_sxt.vhd sub00/vhpl79 1323693587
AR temac2_locallink top_level /home/kimei/VHDL/trigger/Trigger/HW/HDL/top_sxt/temac2/example_TEMAC2_design/TEMAC2/example_design/TEMAC2_locallink.vhd sub00/vhpl92 1323693566
EN reg_16b_wren NULL /home/kimei/VHDL/trigger/Trigger/HW/HDL/UDP/UDP_mr/REG_16B_WREN.vhd sub00/vhpl12 1323693516
AR temac2_example_design top_level /home/kimei/VHDL/trigger/Trigger/HW/HDL/top_sxt/temac2/example_TEMAC2_design/TEMAC2/example_design/TEMAC2_example_design.vhd sub00/vhpl94 1323693586
AR edge_detector behave /home/kimei/VHDL/trigger/Trigger/HW/HDL/Sync_Trigger/edge_detector.vhd sub00/vhpl36 1323693550
AR trigger_time_fifo trigger_time_fifo_a /home/kimei/VHDL/trigger/Trigger/HW/HDL/top_sxt/top_sxt/ipcore_dir/trigger_time_fifo.vhd sub00/vhpl42 1323693548
AR async_trigger_2 behavioral /home/kimei/VHDL/trigger/Trigger/HW/HDL/async_trigger/async_trigger_2.vhd sub01/vhpl100 1319117797
AR counter_6b_lut_fifo_mode behavioral /home/kimei/VHDL/trigger/Trigger/HW/HDL/UDP/UDP_mr/COUNTER_6B_LUT_FIFO_MODE.vhd sub00/vhpl01 1323693495
EN allow_zero_udp_checksum NULL /home/kimei/VHDL/trigger/Trigger/HW/HDL/UDP/UDP_mr/ALLOW_ZERO_UDP_CHECKSUM.vhd sub00/vhpl18 1323693524
EN target_eof NULL /home/kimei/VHDL/trigger/Trigger/HW/HDL/UDP/UDP_mr/TARGET_EOF.vhd sub00/vhpl10 1323693514
AR override_lut_control behavioral /home/kimei/VHDL/trigger/Trigger/HW/HDL/UDP/UDP_mr/OVERRIDE_LUT_CONTROL.vhd sub00/vhpl17 1323693523
AR ipv4_lut_indexer behavioral /home/kimei/VHDL/trigger/Trigger/HW/HDL/UDP/UDP_mr/IPV4_LUT_INDEXER.vhd sub00/vhpl15 1323693519
EN v5_emac_v1_5 NULL /home/kimei/VHDL/trigger/Trigger/HW/HDL/UDP/CoreGEN/v5_emac_v1_5/example_design/v5_emac_v1_5.vhd sub00/vhpl30 1323693533
AR tx_client_fifo_8 rtl /home/kimei/VHDL/trigger/Trigger/HW/HDL/UDP/CoreGEN/v5_emac_v1_5/example_design/client/fifo/tx_client_fifo_8.vhd sub00/vhpl25 1323693501
AR fifo_generator_v8_1_32b fifo_generator_v8_1_32b_a /home/kimei/VHDL/trigger/Trigger/HW/HDL/top_sxt/top_sxt/ipcore_dir/fifo_generator_v8_1_32b.vhd sub00/vhpl40 1323693546
AR comp_6b_equal comp_6b_equal_a /home/kimei/VHDL/trigger/Trigger/HW/HDL/UDP/UDP_mr/comp_6b_equal.vhd sub00/vhpl82 1323693493
EN pll_core NULL /home/kimei/VHDL/trigger/Trigger/HW/HDL/top_sxt/top_sxt/PLL_core.vhd sub00/vhpl87 1323693571
EN packet_receiver_fsm NULL /home/kimei/VHDL/trigger/Trigger/HW/HDL/UDP/UDP_mr/PACKET_RECEIVER_FSM.vhd sub00/vhpl04 1323693508
EN temac2_block NULL /home/kimei/VHDL/trigger/Trigger/HW/HDL/top_sxt/temac2/example_TEMAC2_design/TEMAC2/example_design/TEMAC2_block.vhd sub00/vhpl89 1323693535
AR ipv4writeudpheader behavioral /home/kimei/VHDL/trigger/Trigger/HW/HDL/UDP/UDP_mr/IPV4WriteUDPHeader.vhd sub00/vhpl23 1323693529
EN ipv4_packet_receiver NULL /home/kimei/VHDL/trigger/Trigger/HW/HDL/UDP/UDP_mr/IPv4_PACKET_RECEIVER.vhd sub00/vhpl47 1323693541
EN comp_11b_equal NULL /home/kimei/VHDL/trigger/Trigger/HW/HDL/UDP/UDP_mr/comp_11b_equal.vhd sub00/vhpl83 1323693498
EN counter_6b_lut_fifo_mode NULL /home/kimei/VHDL/trigger/Trigger/HW/HDL/UDP/UDP_mr/COUNTER_6B_LUT_FIFO_MODE.vhd sub00/vhpl00 1323693494
EN ipv4_lut_indexer NULL /home/kimei/VHDL/trigger/Trigger/HW/HDL/UDP/UDP_mr/IPV4_LUT_INDEXER.vhd sub00/vhpl14 1323693518
AR counter_11b_en_receiv behavioral /home/kimei/VHDL/trigger/Trigger/HW/HDL/UDP/UDP_mr/COUNTER_11B_EN_RECEIV.vhd sub00/vhpl09 1323693513
EN fifo_generator_v4_4 NULL /home/kimei/VHDL/trigger/Trigger/HW/HDL/top_sxt/top_sxt/ipcore_dir/fifo_generator_v4_4.vhd sub00/vhpl97 1323693555
EN enable_user_data_transmission NULL /home/kimei/VHDL/trigger/Trigger/HW/HDL/UDP/UDP_mr/ENABLE_USER_DATA_TRANSMISSION.vhd sub00/vhpl20 1323693526
EN eth_fifo_8 NULL /home/kimei/VHDL/trigger/Trigger/HW/HDL/UDP/CoreGEN/v5_emac_v1_5/example_design/client/fifo/eth_fifo_8.vhd sub00/vhpl51 1323693537
EN counter_11b_en_receiv NULL /home/kimei/VHDL/trigger/Trigger/HW/HDL/UDP/UDP_mr/COUNTER_11B_EN_RECEIV.vhd sub00/vhpl08 1323693512
EN v5_emac_v1_5_locallink NULL /home/kimei/VHDL/trigger/Trigger/HW/HDL/UDP/CoreGEN/v5_emac_v1_5/example_design/v5_emac_v1_5_locallink.vhd sub00/vhpl53 1323693567
EN udp_ip_core NULL /home/kimei/VHDL/trigger/Trigger/HW/HDL/UDP/UDP_mr/UDP_IP_Core.vhd sub00/vhpl55 1323693563
EN send_fifo_core NULL /home/kimei/VHDL/trigger/Trigger/HW/HDL/top_sxt/top_sxt/ipcore_dir/send_fifo_core.vhd sub00/vhpl65 1316514868
AR temac2_block top_level /home/kimei/VHDL/trigger/Trigger/HW/HDL/top_sxt/temac2/example_TEMAC2_design/TEMAC2/example_design/TEMAC2_block.vhd sub00/vhpl90 1323693536
EN switchdebouncer NULL /home/kimei/VHDL/trigger/Trigger/HW/HDL/switchDebouncer/SwitchDebouncer.vhdl sub00/vhpl69 1323693575
AR ipv4_packet_transmitter behavioral /home/kimei/VHDL/trigger/Trigger/HW/HDL/UDP/UDP_mr/IPV4_PACKET_TRANSMITTER.vhd sub00/vhpl46 1323693540
AR v5_emac_v1_5 wrapper /home/kimei/VHDL/trigger/Trigger/HW/HDL/UDP/CoreGEN/v5_emac_v1_5/example_design/v5_emac_v1_5.vhd sub00/vhpl31 1323693534
EN receiver_control NULL /home/kimei/VHDL/trigger/Trigger/HW/HDL/UDP/UDP_rec_kim/receiver_control.vhd sub00/vhpl59 1323693569
AR async_trigger behavioral /home/kimei/VHDL/trigger/Trigger/HW/HDL/async_trigger/async_trigger.vhd sub00/vhpl62 1323693560
EN fifo_generator_v8_1_32b NULL /home/kimei/VHDL/trigger/Trigger/HW/HDL/top_sxt/top_sxt/ipcore_dir/fifo_generator_v8_1_32b.vhd sub00/vhpl39 1323693545
AR reg_8b_wren behavioral /home/kimei/VHDL/trigger/Trigger/HW/HDL/UDP/UDP_mr/REG_8b_wren.vhd sub00/vhpl07 1323693511
AR fifo_generator_v4_4 fifo_generator_v4_4_a /home/kimei/VHDL/trigger/Trigger/HW/HDL/top_sxt/top_sxt/ipcore_dir/fifo_generator_v4_4.vhd sub00/vhpl98 1323693556
EN override_lut_control NULL /home/kimei/VHDL/trigger/Trigger/HW/HDL/UDP/UDP_mr/OVERRIDE_LUT_CONTROL.vhd sub00/vhpl16 1323693522
AR top behavioral /home/kimei/VHDL/trigger/Trigger/HW/HDL/top_sxt/top_sxt/top_sxt.vhd sub00/vhpl80 1323693588
PH functions NULL /home/kimei/VHDL/trigger/Trigger/HW/HDL/Shared/functions.vhd sub00/vhpl33 1323693531
EN ipv4writeudpheader NULL /home/kimei/VHDL/trigger/Trigger/HW/HDL/UDP/UDP_mr/IPV4WriteUDPHeader.vhd sub00/vhpl22 1323693528
AR sync_trigger behavioral /home/kimei/VHDL/trigger/Trigger/HW/HDL/Sync_Trigger/Sync_trigger.vhd sub00/vhpl74 1323693580
EN edge_detector NULL /home/kimei/VHDL/trigger/Trigger/HW/HDL/Sync_Trigger/edge_detector.vhd sub00/vhpl35 1323693549
AR switchdebouncer structural /home/kimei/VHDL/trigger/Trigger/HW/HDL/switchDebouncer/SwitchDebouncer.vhdl sub00/vhpl70 1323693576
AR temac2 wrapper /home/kimei/VHDL/trigger/Trigger/HW/HDL/top_sxt/temac2/example_TEMAC2_design/TEMAC2/example_design/TEMAC2.vhd sub00/vhpl96 1323693507
