AR pll_all behavioral //aristoteles/kimei/MASTER/COMPET/Trigger/HW/HDL/top/top/PLL_ALL.vhd sub00/vhpl09 1302171966
EN edge_detector NULL //aristoteles/kimei/MASTER/COMPET/Trigger/HW/HDL/Sync_Trigger/edge_detector.vhd sub00/vhpl06 1302171963
PH constants NULL //aristoteles/kimei/MASTER/COMPET/Trigger/HW/HDL/Shared/constants.vhd sub00/vhpl00 1302171957
EN pll_all NULL //aristoteles/kimei/MASTER/COMPET/Trigger/HW/HDL/top/top/PLL_ALL.vhd sub00/vhpl08 1302171965
PB functions functions //aristoteles/kimei/MASTER/COMPET/Trigger/HW/HDL/Shared/functions.vhd sub00/vhpl03 1302171960
EN com NULL //aristoteles/kimei/MASTER/COMPET/Trigger/HW/HDL/UART/com.vhd sub00/vhpl16 1302171973
AR a2s rtl //aristoteles/kimei/MASTER/COMPET/Trigger/HW/HDL/Shared/a2s.vhd sub00/vhpl11 1302171968
EN cru NULL //aristoteles/kimei/MASTER/COMPET/Trigger/HW/HDL/CRU/CRU.vhd sub00/vhpl12 1302171969
EN a2s NULL //aristoteles/kimei/MASTER/COMPET/Trigger/HW/HDL/Shared/a2s.vhd sub00/vhpl10 1302171967
EN sync_trigger NULL //aristoteles/kimei/MASTER/COMPET/Trigger/HW/HDL/Sync_Trigger/Sync_trigger.vhd sub00/vhpl14 1302171971
EN top NULL //aristoteles/kimei/MASTER/COMPET/Trigger/HW/HDL/top/top.vhd sub00/vhpl18 1302171975
AR edge_detector behave //aristoteles/kimei/MASTER/COMPET/Trigger/HW/HDL/Sync_Trigger/edge_detector.vhd sub00/vhpl07 1302171964
PH components NULL //aristoteles/kimei/MASTER/COMPET/Trigger/HW/HDL/Shared/components.vhd sub00/vhpl01 1302171958
AR top behavioral //aristoteles/kimei/MASTER/COMPET/Trigger/HW/HDL/top/top.vhd sub00/vhpl19 1302171976
AR uart behavioral //aristoteles/kimei/MASTER/COMPET/Trigger/HW/HDL/UART/uart.vhd sub00/vhpl05 1302171962
AR com behavioral //aristoteles/kimei/MASTER/COMPET/Trigger/HW/HDL/UART/com.vhd sub00/vhpl17 1302171974
EN uart NULL //aristoteles/kimei/MASTER/COMPET/Trigger/HW/HDL/UART/uart.vhd sub00/vhpl04 1302171961
AR cru behavioral //aristoteles/kimei/MASTER/COMPET/Trigger/HW/HDL/CRU/CRU.vhd sub00/vhpl13 1302171970
PH functions NULL //aristoteles/kimei/MASTER/COMPET/Trigger/HW/HDL/Shared/functions.vhd sub00/vhpl02 1302171959
AR sync_trigger behavioral //aristoteles/kimei/MASTER/COMPET/Trigger/HW/HDL/Sync_Trigger/Sync_trigger.vhd sub00/vhpl15 1302171972
