V3 13
FL /home/kimei/VHDL/trigger/Trigger/HW/HDL/Shared/constants.vhd 2011/12/01.10:15:24 O.40d
PH work/constants 1322838534 \
      FL /home/kimei/VHDL/trigger/Trigger/HW/HDL/Shared/constants.vhd \
      PB ieee/std_logic_1164 1296775758 PB ieee/NUMERIC_STD 1296775759
FL /home/kimei/VHDL/trigger/Trigger/HW/HDL/Shared/functions.vhd 2011/10/20.15:22:22 O.40d
PH work/functions 1322838535 \
      FL /home/kimei/VHDL/trigger/Trigger/HW/HDL/Shared/functions.vhd \
      PB ieee/std_logic_1164 1296775758
PB work/functions 1322838536 \
      FL /home/kimei/VHDL/trigger/Trigger/HW/HDL/Shared/functions.vhd \
      PH work/functions 1322838535
FL /home/kimei/VHDL/trigger/Trigger/HW/HDL/Sync_Trigger/edge_detector.vhd 2011/09/15.13:08:57 O.40d
EN work/edge_detector 1322838537 \
      FL /home/kimei/VHDL/trigger/Trigger/HW/HDL/Sync_Trigger/edge_detector.vhd \
      PB ieee/std_logic_1164 1296775758 PB ieee/std_logic_arith 1296775759 \
      PB ieee/STD_LOGIC_UNSIGNED 1296775760 LB UNISIM PH unisim/VCOMPONENTS 1296775759 \
      PH work/constants 1322838534 PB work/functions 1322838536
AR work/edge_detector/behave 1322838538 \
      FL /home/kimei/VHDL/trigger/Trigger/HW/HDL/Sync_Trigger/edge_detector.vhd \
      EN work/edge_detector 1322838537
FL /home/kimei/VHDL/trigger/Trigger/HW/HDL/Sync_Trigger/Sync_trigger.vhd 2011/12/02.15:57:43 O.40d
EN work/sync_trigger 1322838539 \
      FL /home/kimei/VHDL/trigger/Trigger/HW/HDL/Sync_Trigger/Sync_trigger.vhd \
      PB ieee/std_logic_1164 1296775758 PB ieee/std_logic_arith 1296775759 \
      PB ieee/STD_LOGIC_UNSIGNED 1296775760 PB ieee/NUMERIC_STD 1296775759 \
      LB UNISIM PH unisim/VCOMPONENTS 1296775759 PH work/constants 1322838534 \
      PB work/functions 1322838536
AR work/sync_trigger/Behavioral 1322838540 \
      FL /home/kimei/VHDL/trigger/Trigger/HW/HDL/Sync_Trigger/Sync_trigger.vhd \
      EN work/sync_trigger 1322838539 CP work/edge_detector
