AR counter_11b_en_trans behavioral /home/kimei/VHDL/trigger/Trigger/HW/HDL/UDP/UDP_mr/COUNTER_11B_EN_TRANS.vhd sub00/vhpl06 1308208945
AR packet_receiver_fsm behavioral /home/kimei/VHDL/trigger/Trigger/HW/HDL/UDP/UDPIP/udp_ip__core/trunk/UDP_IP_CORE/UDP_IP_CORE__Virtex5/PACKET_RECEIVER_FSM.vhd sub00/vhpl13 1308208952
EN sync_trigger NULL /home/kimei/VHDL/trigger/Trigger/HW/HDL/Sync_Trigger/Sync_trigger.vhd sub00/vhpl66 1308209005
EN reg_8b_wren NULL /home/kimei/VHDL/trigger/Trigger/HW/HDL/UDP/UDPIP/udp_ip__core/trunk/UDP_IP_CORE/UDP_IP_CORE__Virtex5/REG_8b_wren.vhd sub00/vhpl14 1308208953
AR gmii_if phy_if /home/kimei/VHDL/trigger/Trigger/HW/HDL/UDP/CoreGEN/v5_emac_v1_5/example_design/physical/gmii_if.vhd sub00/vhpl39 1308208978
PB functions functions /home/kimei/VHDL/trigger/Trigger/HW/HDL/Shared/functions.vhd sub00/vhpl11 1308208950
AR v5_emac_v1_5_locallink top_level /home/kimei/VHDL/trigger/Trigger/HW/HDL/UDP/CoreGEN/v5_emac_v1_5/example_design/v5_emac_v1_5_locallink.vhd sub00/vhpl53 1308208992
AR cru behavioral /home/kimei/VHDL/trigger/Trigger/HW/HDL/CRU/CRU.vhd sub00/vhpl65 1308209004
EN tx_client_fifo_8 NULL /home/kimei/VHDL/trigger/Trigger/HW/HDL/UDP/CoreGEN/v5_emac_v1_5/example_design/client/fifo/tx_client_fifo_8.vhd sub00/vhpl34 1308208973
AR comp_11b_equal comp_11b_equal_a /home/kimei/VHDL/trigger/Trigger/HW/HDL/UDP/UDP_mr/comp_11b_equal.vhd sub00/vhpl08 1308208947
AR eth_fifo_8 rtl /home/kimei/VHDL/trigger/Trigger/HW/HDL/UDP/CoreGEN/v5_emac_v1_5/example_design/client/fifo/eth_fifo_8.vhd sub00/vhpl51 1308208990
AR udp_ip_core behavioral /home/kimei/VHDL/trigger/Trigger/HW/HDL/UDP/UDPIP/udp_ip__core/trunk/UDP_IP_CORE/UDP_IP_CORE__Virtex5/UDP_IP_Core.vhd sub00/vhpl55 1308208994
AR rx_client_fifo_8 rtl /home/kimei/VHDL/trigger/Trigger/HW/HDL/UDP/CoreGEN/v5_emac_v1_5/example_design/client/fifo/rx_client_fifo_8.vhd sub00/vhpl37 1308208976
AR ipv4_packet_receiver behavioral /home/kimei/VHDL/trigger/Trigger/HW/HDL/UDP/UDPIP/udp_ip__core/trunk/UDP_IP_CORE/UDP_IP_CORE__Virtex5/IPv4_PACKET_RECEIVER.vhd sub00/vhpl47 1308208986
EN v5_emac_v1_5_example_design NULL /home/kimei/VHDL/trigger/Trigger/HW/HDL/UDP/CoreGEN/v5_emac_v1_5/example_design/v5_emac_v1_5_example_design.vhd sub00/vhpl68 1308209007
EN rx_client_fifo_8 NULL /home/kimei/VHDL/trigger/Trigger/HW/HDL/UDP/CoreGEN/v5_emac_v1_5/example_design/client/fifo/rx_client_fifo_8.vhd sub00/vhpl36 1308208975
AR v5_emac_v1_5_example_design top_level /home/kimei/VHDL/trigger/Trigger/HW/HDL/UDP/CoreGEN/v5_emac_v1_5/example_design/v5_emac_v1_5_example_design.vhd sub00/vhpl69 1308209008
AR reg_16b_wren behavioral /home/kimei/VHDL/trigger/Trigger/HW/HDL/UDP/UDP_mr/REG_16B_WREN.vhd sub00/vhpl21 1308208960
PH constants NULL /home/kimei/VHDL/trigger/Trigger/HW/HDL/Shared/constants.vhd sub00/vhpl00 1308208939
EN gmii_if NULL /home/kimei/VHDL/trigger/Trigger/HW/HDL/UDP/CoreGEN/v5_emac_v1_5/example_design/physical/gmii_if.vhd sub00/vhpl38 1308208977
EN ipv4_packet_transmitter NULL /home/kimei/VHDL/trigger/Trigger/HW/HDL/UDP/UDP_mr/IPV4_PACKET_TRANSMITTER.vhd sub00/vhpl44 1308208983
EN dist_mem_64x8 NULL /home/kimei/VHDL/trigger/Trigger/HW/HDL/UDP/UDP_mr/dist_mem_64x8.vhd sub00/vhpl24 1308208963
EN v5_emac_v1_5_block NULL /home/kimei/VHDL/trigger/Trigger/HW/HDL/UDP/CoreGEN/v5_emac_v1_5/example_design/v5_emac_v1_5_block.vhd sub00/vhpl48 1308208987
AR allow_zero_udp_checksum behavioral /home/kimei/VHDL/trigger/Trigger/HW/HDL/UDP/UDP_mr/ALLOW_ZERO_UDP_CHECKSUM.vhd sub00/vhpl29 1308208968
AR dist_mem_64x8 dist_mem_64x8_a /home/kimei/VHDL/trigger/Trigger/HW/HDL/UDP/UDP_mr/dist_mem_64x8.vhd sub00/vhpl25 1308208964
AR a2s rtl /home/kimei/VHDL/trigger/Trigger/HW/HDL/Shared/a2s.vhd sub00/vhpl63 1308209002
AR target_eof behavioral /home/kimei/VHDL/trigger/Trigger/HW/HDL/UDP/UDP_mr/TARGET_EOF.vhd sub00/vhpl19 1308208958
EN counter_11b_en_trans NULL /home/kimei/VHDL/trigger/Trigger/HW/HDL/UDP/UDP_mr/COUNTER_11B_EN_TRANS.vhd sub00/vhpl05 1308208944
EN rate_counter NULL /home/kimei/VHDL/trigger/Trigger/HW/HDL/rate_counter/rate_counter.vhd sub00/vhpl56 1308208995
EN cru NULL /home/kimei/VHDL/trigger/Trigger/HW/HDL/CRU/CRU.vhd sub00/vhpl64 1308209003
AR rate_counter behave /home/kimei/VHDL/trigger/Trigger/HW/HDL/rate_counter/rate_counter.vhd sub00/vhpl57 1308208996
AR v5_emac_v1_5_block top_level /home/kimei/VHDL/trigger/Trigger/HW/HDL/UDP/CoreGEN/v5_emac_v1_5/example_design/v5_emac_v1_5_block.vhd sub00/vhpl49 1308208988
EN comp_6b_equal NULL /home/kimei/VHDL/trigger/Trigger/HW/HDL/UDP/UDP_mr/comp_6b_equal.vhd sub00/vhpl01 1308208940
AR enable_user_data_transmission behavioral /home/kimei/VHDL/trigger/Trigger/HW/HDL/UDP/UDP_mr/ENABLE_USER_DATA_TRANSMISSION.vhd sub00/vhpl31 1308208970
EN a2s NULL /home/kimei/VHDL/trigger/Trigger/HW/HDL/Shared/a2s.vhd sub00/vhpl62 1308209001
AR pll_core behavioral /home/kimei/VHDL/trigger/Trigger/HW/HDL/CRU/COREgen/PLL_core.vhd sub00/vhpl61 1308209000
EN top NULL /home/kimei/VHDL/trigger/Trigger/HW/HDL/top/top.vhd sub00/vhpl70 1308209009
EN reg_16b_wren NULL /home/kimei/VHDL/trigger/Trigger/HW/HDL/UDP/UDP_mr/REG_16B_WREN.vhd sub00/vhpl20 1308208959
AR edge_detector behave /home/kimei/VHDL/trigger/Trigger/HW/HDL/Sync_Trigger/edge_detector.vhd sub00/vhpl43 1308208982
PH components NULL /home/kimei/VHDL/trigger/Trigger/HW/HDL/Shared/components.vhd sub00/vhpl09 1308208948
AR counter_6b_lut_fifo_mode behavioral /home/kimei/VHDL/trigger/Trigger/HW/HDL/UDP/UDP_mr/COUNTER_6B_LUT_FIFO_MODE.vhd sub00/vhpl04 1308208943
EN allow_zero_udp_checksum NULL /home/kimei/VHDL/trigger/Trigger/HW/HDL/UDP/UDP_mr/ALLOW_ZERO_UDP_CHECKSUM.vhd sub00/vhpl28 1308208967
EN target_eof NULL /home/kimei/VHDL/trigger/Trigger/HW/HDL/UDP/UDP_mr/TARGET_EOF.vhd sub00/vhpl18 1308208957
AR ipv4_lut_indexer behavioral /home/kimei/VHDL/trigger/Trigger/HW/HDL/UDP/UDP_mr/IPV4_LUT_INDEXER.vhd sub00/vhpl23 1308208962
AR override_lut_control behavioral /home/kimei/VHDL/trigger/Trigger/HW/HDL/UDP/UDP_mr/OVERRIDE_LUT_CONTROL.vhd sub00/vhpl27 1308208966
EN v5_emac_v1_5 NULL /home/kimei/VHDL/trigger/Trigger/HW/HDL/UDP/CoreGEN/v5_emac_v1_5/example_design/v5_emac_v1_5.vhd sub00/vhpl40 1308208979
AR tx_client_fifo_8 rtl /home/kimei/VHDL/trigger/Trigger/HW/HDL/UDP/CoreGEN/v5_emac_v1_5/example_design/client/fifo/tx_client_fifo_8.vhd sub00/vhpl35 1308208974
AR comp_6b_equal comp_6b_equal_a /home/kimei/VHDL/trigger/Trigger/HW/HDL/UDP/UDP_mr/comp_6b_equal.vhd sub00/vhpl02 1308208941
EN pll_core NULL /home/kimei/VHDL/trigger/Trigger/HW/HDL/CRU/COREgen/PLL_core.vhd sub00/vhpl60 1308208999
EN packet_receiver_fsm NULL /home/kimei/VHDL/trigger/Trigger/HW/HDL/UDP/UDPIP/udp_ip__core/trunk/UDP_IP_CORE/UDP_IP_CORE__Virtex5/PACKET_RECEIVER_FSM.vhd sub00/vhpl12 1308208951
AR ipv4writeudpheader behavioral /home/kimei/VHDL/trigger/Trigger/HW/HDL/UDP/UDP_mr/IPV4WriteUDPHeader.vhd sub00/vhpl33 1308208972
EN ipv4_packet_receiver NULL /home/kimei/VHDL/trigger/Trigger/HW/HDL/UDP/UDPIP/udp_ip__core/trunk/UDP_IP_CORE/UDP_IP_CORE__Virtex5/IPv4_PACKET_RECEIVER.vhd sub00/vhpl46 1308208985
EN comp_11b_equal NULL /home/kimei/VHDL/trigger/Trigger/HW/HDL/UDP/UDP_mr/comp_11b_equal.vhd sub00/vhpl07 1308208946
EN counter_6b_lut_fifo_mode NULL /home/kimei/VHDL/trigger/Trigger/HW/HDL/UDP/UDP_mr/COUNTER_6B_LUT_FIFO_MODE.vhd sub00/vhpl03 1308208942
EN ipv4_lut_indexer NULL /home/kimei/VHDL/trigger/Trigger/HW/HDL/UDP/UDP_mr/IPV4_LUT_INDEXER.vhd sub00/vhpl22 1308208961
AR counter_11b_en_receiv behavioral /home/kimei/VHDL/trigger/Trigger/HW/HDL/UDP/UDPIP/udp_ip__core/trunk/UDP_IP_CORE/UDP_IP_CORE__Virtex5/COUNTER_11B_EN_RECEIV.vhd sub00/vhpl17 1308208956
EN fifo_generator_v4_4 NULL /home/kimei/VHDL/trigger/Trigger/HW/HDL/rate_counter/fifo/fifo_generator_v4_4.vhd sub00/vhpl58 1308208997
EN enable_user_data_transmission NULL /home/kimei/VHDL/trigger/Trigger/HW/HDL/UDP/UDP_mr/ENABLE_USER_DATA_TRANSMISSION.vhd sub00/vhpl30 1308208969
EN eth_fifo_8 NULL /home/kimei/VHDL/trigger/Trigger/HW/HDL/UDP/CoreGEN/v5_emac_v1_5/example_design/client/fifo/eth_fifo_8.vhd sub00/vhpl50 1308208989
EN counter_11b_en_receiv NULL /home/kimei/VHDL/trigger/Trigger/HW/HDL/UDP/UDPIP/udp_ip__core/trunk/UDP_IP_CORE/UDP_IP_CORE__Virtex5/COUNTER_11B_EN_RECEIV.vhd sub00/vhpl16 1308208955
EN v5_emac_v1_5_locallink NULL /home/kimei/VHDL/trigger/Trigger/HW/HDL/UDP/CoreGEN/v5_emac_v1_5/example_design/v5_emac_v1_5_locallink.vhd sub00/vhpl52 1308208991
EN udp_ip_core NULL /home/kimei/VHDL/trigger/Trigger/HW/HDL/UDP/UDPIP/udp_ip__core/trunk/UDP_IP_CORE/UDP_IP_CORE__Virtex5/UDP_IP_Core.vhd sub00/vhpl54 1308208993
AR ipv4_packet_transmitter behavioral /home/kimei/VHDL/trigger/Trigger/HW/HDL/UDP/UDP_mr/IPV4_PACKET_TRANSMITTER.vhd sub00/vhpl45 1308208984
AR v5_emac_v1_5 wrapper /home/kimei/VHDL/trigger/Trigger/HW/HDL/UDP/CoreGEN/v5_emac_v1_5/example_design/v5_emac_v1_5.vhd sub00/vhpl41 1308208980
AR reg_8b_wren behavioral /home/kimei/VHDL/trigger/Trigger/HW/HDL/UDP/UDPIP/udp_ip__core/trunk/UDP_IP_CORE/UDP_IP_CORE__Virtex5/REG_8b_wren.vhd sub00/vhpl15 1308208954
AR fifo_generator_v4_4 fifo_generator_v4_4_a /home/kimei/VHDL/trigger/Trigger/HW/HDL/rate_counter/fifo/fifo_generator_v4_4.vhd sub00/vhpl59 1308208998
EN override_lut_control NULL /home/kimei/VHDL/trigger/Trigger/HW/HDL/UDP/UDP_mr/OVERRIDE_LUT_CONTROL.vhd sub00/vhpl26 1308208965
AR top behavioral /home/kimei/VHDL/trigger/Trigger/HW/HDL/top/top.vhd sub00/vhpl71 1308209010
PH functions NULL /home/kimei/VHDL/trigger/Trigger/HW/HDL/Shared/functions.vhd sub00/vhpl10 1308208949
EN ipv4writeudpheader NULL /home/kimei/VHDL/trigger/Trigger/HW/HDL/UDP/UDP_mr/IPV4WriteUDPHeader.vhd sub00/vhpl32 1308208971
AR sync_trigger behavioral /home/kimei/VHDL/trigger/Trigger/HW/HDL/Sync_Trigger/Sync_trigger.vhd sub00/vhpl67 1308209006
EN edge_detector NULL /home/kimei/VHDL/trigger/Trigger/HW/HDL/Sync_Trigger/edge_detector.vhd sub00/vhpl42 1308208981
