AR v5_emac_v1_5_example_design top_level //aristoteles/kimei/MASTER/COMPET/Trigger/HW/HDL/UDP/CoreGEN/v5_emac_v1_5/example_design/v5_emac_v1_5_example_design.vhd sub00/vhpl61 1306243679
EN allow_zero_udp_checksum NULL //aristoteles/kimei/MASTER/COMPET/Trigger/HW/HDL/UDP/UDP_mr/ALLOW_ZERO_UDP_CHECKSUM.vhd sub00/vhpl22 1306243638
EN reg_8b_wren NULL //aristoteles/kimei/MASTER/COMPET/Trigger/HW/HDL/UDP/UDPIP/udp_ip__core/trunk/UDP_IP_CORE/UDP_IP_CORE__Virtex5/REG_8b_wren.vhd sub00/vhpl10 1306243626
EN ipv4_lut_indexer NULL //aristoteles/kimei/MASTER/COMPET/Trigger/HW/HDL/UDP/UDP_mr/IPV4_LUT_INDEXER.vhd sub00/vhpl18 1306243634
EN v5_emac_v1_5 NULL //aristoteles/kimei/MASTER/COMPET/Trigger/HW/HDL/UDP/CoreGEN/v5_emac_v1_5/example_design/v5_emac_v1_5.vhd sub00/vhpl34 1306243650
AR target_eof behavioral //aristoteles/kimei/MASTER/COMPET/Trigger/HW/HDL/UDP/UDP_mr/TARGET_EOF.vhd sub00/vhpl15 1306243631
EN edge_detector NULL //aristoteles/kimei/MASTER/COMPET/Trigger/HW/HDL/Sync_Trigger/edge_detector.vhd sub00/vhpl36 1306243652
EN v5_emac_v1_5_block NULL //aristoteles/kimei/MASTER/COMPET/Trigger/HW/HDL/UDP/CoreGEN/v5_emac_v1_5/example_design/v5_emac_v1_5_block.vhd sub00/vhpl42 1306243658
AR rate_counter behave //aristoteles/kimei/MASTER/COMPET/Trigger/HW/HDL/rate_counter/rate_counter.vhd sub00/vhpl51 1306243667
AR counter_11b_en_receiv behavioral //aristoteles/kimei/MASTER/COMPET/Trigger/HW/HDL/UDP/UDPIP/udp_ip__core/trunk/UDP_IP_CORE/UDP_IP_CORE__Virtex5/COUNTER_11B_EN_RECEIV.vhd sub00/vhpl13 1306243629
AR v5_emac_v1_5_locallink top_level //aristoteles/kimei/MASTER/COMPET/Trigger/HW/HDL/UDP/CoreGEN/v5_emac_v1_5/example_design/v5_emac_v1_5_locallink.vhd sub00/vhpl47 1306243663
PH constants NULL //aristoteles/kimei/MASTER/COMPET/Trigger/HW/HDL/Shared/constants.vhd sub00/vhpl00 1306243616
EN gmii_if NULL //aristoteles/kimei/MASTER/COMPET/Trigger/HW/HDL/UDP/CoreGEN/v5_emac_v1_5/example_design/physical/gmii_if.vhd sub00/vhpl32 1306243648
EN ipv4_packet_receiver NULL //aristoteles/kimei/MASTER/COMPET/Trigger/HW/HDL/UDP/UDPIP/udp_ip__core/trunk/UDP_IP_CORE/UDP_IP_CORE__Virtex5/IPv4_PACKET_RECEIVER.vhd sub00/vhpl40 1306243656
AR override_lut_control behavioral //aristoteles/kimei/MASTER/COMPET/Trigger/HW/HDL/UDP/UDP_mr/OVERRIDE_LUT_CONTROL.vhd sub00/vhpl21 1306243637
PB functions functions //aristoteles/kimei/MASTER/COMPET/Trigger/HW/HDL/Shared/functions.vhd sub00/vhpl07 1306243623
AR a2s rtl //aristoteles/kimei/MASTER/COMPET/Trigger/HW/HDL/Shared/a2s.vhd sub00/vhpl55 1306243673
AR reg_16b_wren behavioral //aristoteles/kimei/MASTER/COMPET/Trigger/HW/HDL/UDP/UDP_mr/REG_16B_WREN.vhd sub00/vhpl17 1306243633
EN packet_receiver_fsm NULL //aristoteles/kimei/MASTER/COMPET/Trigger/HW/HDL/UDP/UDPIP/udp_ip__core/trunk/UDP_IP_CORE/UDP_IP_CORE__Virtex5/PACKET_RECEIVER_FSM.vhd sub00/vhpl08 1306243624
EN cru NULL //aristoteles/kimei/MASTER/COMPET/Trigger/HW/HDL/CRU/CRU.vhd sub00/vhpl56 1306243674
EN enable_user_data_transmission NULL //aristoteles/kimei/MASTER/COMPET/Trigger/HW/HDL/UDP/UDP_mr/ENABLE_USER_DATA_TRANSMISSION.vhd sub00/vhpl24 1306243640
AR ipv4_packet_receiver behavioral //aristoteles/kimei/MASTER/COMPET/Trigger/HW/HDL/UDP/UDPIP/udp_ip__core/trunk/UDP_IP_CORE/UDP_IP_CORE__Virtex5/IPv4_PACKET_RECEIVER.vhd sub00/vhpl41 1306243657
AR allow_zero_udp_checksum behavioral //aristoteles/kimei/MASTER/COMPET/Trigger/HW/HDL/UDP/UDP_mr/ALLOW_ZERO_UDP_CHECKSUM.vhd sub00/vhpl23 1306243639
AR ipv4_packet_transmitter behavioral //aristoteles/kimei/MASTER/COMPET/Trigger/HW/HDL/UDP/UDP_mr/IPV4_PACKET_TRANSMITTER.vhd sub00/vhpl39 1306243655
EN override_lut_control NULL //aristoteles/kimei/MASTER/COMPET/Trigger/HW/HDL/UDP/UDP_mr/OVERRIDE_LUT_CONTROL.vhd sub00/vhpl20 1306243636
AR v5_emac_v1_5 wrapper //aristoteles/kimei/MASTER/COMPET/Trigger/HW/HDL/UDP/CoreGEN/v5_emac_v1_5/example_design/v5_emac_v1_5.vhd sub00/vhpl35 1306243651
EN counter_11b_en_receiv NULL //aristoteles/kimei/MASTER/COMPET/Trigger/HW/HDL/UDP/UDPIP/udp_ip__core/trunk/UDP_IP_CORE/UDP_IP_CORE__Virtex5/COUNTER_11B_EN_RECEIV.vhd sub00/vhpl12 1306243628
EN a2s NULL //aristoteles/kimei/MASTER/COMPET/Trigger/HW/HDL/Shared/a2s.vhd sub00/vhpl54 1306243672
EN sync_trigger NULL //aristoteles/kimei/MASTER/COMPET/Trigger/HW/HDL/Sync_Trigger/Sync_trigger.vhd sub00/vhpl58 1306243676
AR pll_core behavioral //aristoteles/kimei/MASTER/COMPET/Trigger/HW/HDL/CRU/COREgen/PLL_core.vhd sub00/vhpl65 1306243671
EN top NULL //aristoteles/kimei/MASTER/COMPET/Trigger/HW/HDL/top/top.vhd sub00/vhpl62 1306243680
AR ipv4writeudpheader behavioral //aristoteles/kimei/MASTER/COMPET/Trigger/HW/HDL/UDP/UDP_mr/IPV4WriteUDPHeader.vhd sub00/vhpl27 1306243643
AR edge_detector behave //aristoteles/kimei/MASTER/COMPET/Trigger/HW/HDL/Sync_Trigger/edge_detector.vhd sub00/vhpl37 1306243653
EN counter_6b_lut_fifo_mode NULL //aristoteles/kimei/MASTER/COMPET/Trigger/HW/HDL/UDP/UDP_mr/COUNTER_6B_LUT_FIFO_MODE.vhd sub00/vhpl01 1306243617
PH components NULL //aristoteles/kimei/MASTER/COMPET/Trigger/HW/HDL/Shared/components.vhd sub00/vhpl05 1306243621
AR top behavioral //aristoteles/kimei/MASTER/COMPET/Trigger/HW/HDL/top/top.vhd sub00/vhpl63 1306243681
EN target_eof NULL //aristoteles/kimei/MASTER/COMPET/Trigger/HW/HDL/UDP/UDP_mr/TARGET_EOF.vhd sub00/vhpl14 1306243630
AR reg_8b_wren behavioral //aristoteles/kimei/MASTER/COMPET/Trigger/HW/HDL/UDP/UDPIP/udp_ip__core/trunk/UDP_IP_CORE/UDP_IP_CORE__Virtex5/REG_8b_wren.vhd sub00/vhpl11 1306243627
AR fifo_generator_v4_4 fifo_generator_v4_4_a //aristoteles/kimei/MASTER/COMPET/Trigger/HW/HDL/rate_counter/fifo/fifo_generator_v4_4.vhd sub00/vhpl53 1306243669
AR v5_emac_v1_5_block top_level //aristoteles/kimei/MASTER/COMPET/Trigger/HW/HDL/UDP/CoreGEN/v5_emac_v1_5/example_design/v5_emac_v1_5_block.vhd sub00/vhpl43 1306243659
EN counter_11b_en_trans NULL //aristoteles/kimei/MASTER/COMPET/Trigger/HW/HDL/UDP/UDP_mr/COUNTER_11B_EN_TRANS.vhd sub00/vhpl03 1306243619
EN pll_core NULL //aristoteles/kimei/MASTER/COMPET/Trigger/HW/HDL/CRU/COREgen/PLL_core.vhd sub00/vhpl64 1306243670
EN v5_emac_v1_5_locallink NULL //aristoteles/kimei/MASTER/COMPET/Trigger/HW/HDL/UDP/CoreGEN/v5_emac_v1_5/example_design/v5_emac_v1_5_locallink.vhd sub00/vhpl46 1306243662
EN fifo_generator_v4_4 NULL //aristoteles/kimei/MASTER/COMPET/Trigger/HW/HDL/rate_counter/fifo/fifo_generator_v4_4.vhd sub00/vhpl52 1306243668
EN ipv4writeudpheader NULL //aristoteles/kimei/MASTER/COMPET/Trigger/HW/HDL/UDP/UDP_mr/IPV4WriteUDPHeader.vhd sub00/vhpl26 1306243642
AR rx_client_fifo_8 rtl //aristoteles/kimei/MASTER/COMPET/Trigger/HW/HDL/UDP/CoreGEN/v5_emac_v1_5/example_design/client/fifo/rx_client_fifo_8.vhd sub00/vhpl31 1306243647
EN eth_fifo_8 NULL //aristoteles/kimei/MASTER/COMPET/Trigger/HW/HDL/UDP/CoreGEN/v5_emac_v1_5/example_design/client/fifo/eth_fifo_8.vhd sub00/vhpl44 1306243660
EN udp_ip_core NULL //aristoteles/kimei/MASTER/COMPET/Trigger/HW/HDL/UDP/UDPIP/udp_ip__core/trunk/UDP_IP_CORE/UDP_IP_CORE__Virtex5/UDP_IP_Core.vhd sub00/vhpl48 1306243664
EN rx_client_fifo_8 NULL //aristoteles/kimei/MASTER/COMPET/Trigger/HW/HDL/UDP/CoreGEN/v5_emac_v1_5/example_design/client/fifo/rx_client_fifo_8.vhd sub00/vhpl30 1306243646
EN rate_counter NULL //aristoteles/kimei/MASTER/COMPET/Trigger/HW/HDL/rate_counter/rate_counter.vhd sub00/vhpl50 1306243666
AR udp_ip_core behavioral //aristoteles/kimei/MASTER/COMPET/Trigger/HW/HDL/UDP/UDPIP/udp_ip__core/trunk/UDP_IP_CORE/UDP_IP_CORE__Virtex5/UDP_IP_Core.vhd sub00/vhpl49 1306243665
EN v5_emac_v1_5_example_design NULL //aristoteles/kimei/MASTER/COMPET/Trigger/HW/HDL/UDP/CoreGEN/v5_emac_v1_5/example_design/v5_emac_v1_5_example_design.vhd sub00/vhpl60 1306243678
EN tx_client_fifo_8 NULL //aristoteles/kimei/MASTER/COMPET/Trigger/HW/HDL/UDP/CoreGEN/v5_emac_v1_5/example_design/client/fifo/tx_client_fifo_8.vhd sub00/vhpl28 1306243644
AR enable_user_data_transmission behavioral //aristoteles/kimei/MASTER/COMPET/Trigger/HW/HDL/UDP/UDP_mr/ENABLE_USER_DATA_TRANSMISSION.vhd sub00/vhpl25 1306243641
EN ipv4_packet_transmitter NULL //aristoteles/kimei/MASTER/COMPET/Trigger/HW/HDL/UDP/UDP_mr/IPV4_PACKET_TRANSMITTER.vhd sub00/vhpl38 1306243654
AR gmii_if phy_if //aristoteles/kimei/MASTER/COMPET/Trigger/HW/HDL/UDP/CoreGEN/v5_emac_v1_5/example_design/physical/gmii_if.vhd sub00/vhpl33 1306243649
AR counter_11b_en_trans behavioral //aristoteles/kimei/MASTER/COMPET/Trigger/HW/HDL/UDP/UDP_mr/COUNTER_11B_EN_TRANS.vhd sub00/vhpl04 1306243620
AR packet_receiver_fsm behavioral //aristoteles/kimei/MASTER/COMPET/Trigger/HW/HDL/UDP/UDPIP/udp_ip__core/trunk/UDP_IP_CORE/UDP_IP_CORE__Virtex5/PACKET_RECEIVER_FSM.vhd sub00/vhpl09 1306243625
AR cru behavioral //aristoteles/kimei/MASTER/COMPET/Trigger/HW/HDL/CRU/CRU.vhd sub00/vhpl57 1306243675
AR counter_6b_lut_fifo_mode behavioral //aristoteles/kimei/MASTER/COMPET/Trigger/HW/HDL/UDP/UDP_mr/COUNTER_6B_LUT_FIFO_MODE.vhd sub00/vhpl02 1306243618
PH functions NULL //aristoteles/kimei/MASTER/COMPET/Trigger/HW/HDL/Shared/functions.vhd sub00/vhpl06 1306243622
AR ipv4_lut_indexer behavioral //aristoteles/kimei/MASTER/COMPET/Trigger/HW/HDL/UDP/UDP_mr/IPV4_LUT_INDEXER.vhd sub00/vhpl19 1306243635
EN reg_16b_wren NULL //aristoteles/kimei/MASTER/COMPET/Trigger/HW/HDL/UDP/UDP_mr/REG_16B_WREN.vhd sub00/vhpl16 1306243632
AR tx_client_fifo_8 rtl //aristoteles/kimei/MASTER/COMPET/Trigger/HW/HDL/UDP/CoreGEN/v5_emac_v1_5/example_design/client/fifo/tx_client_fifo_8.vhd sub00/vhpl29 1306243645
AR eth_fifo_8 rtl //aristoteles/kimei/MASTER/COMPET/Trigger/HW/HDL/UDP/CoreGEN/v5_emac_v1_5/example_design/client/fifo/eth_fifo_8.vhd sub00/vhpl45 1306243661
AR sync_trigger behavioral //aristoteles/kimei/MASTER/COMPET/Trigger/HW/HDL/Sync_Trigger/Sync_trigger.vhd sub00/vhpl59 1306243677
