AR counter_11b_en_trans behavioral /home/kimei/VHDL/trigger/Trigger/HW/HDL/UDP/UDP_mr/COUNTER_11B_EN_TRANS.vhd sub00/vhpl06 1308738738
AR packet_receiver_fsm behavioral /home/kimei/VHDL/trigger/Trigger/HW/HDL/UDP/UDPIP/udp_ip__core/trunk/UDP_IP_CORE/UDP_IP_CORE__Virtex5/PACKET_RECEIVER_FSM.vhd sub00/vhpl13 1308738745
EN sync_trigger NULL /home/kimei/VHDL/trigger/Trigger/HW/HDL/Sync_Trigger/Sync_trigger.vhd sub00/vhpl66 1308738800
EN reg_8b_wren NULL /home/kimei/VHDL/trigger/Trigger/HW/HDL/UDP/UDPIP/udp_ip__core/trunk/UDP_IP_CORE/UDP_IP_CORE__Virtex5/REG_8b_wren.vhd sub00/vhpl14 1308738746
AR gmii_if phy_if /home/kimei/VHDL/trigger/Trigger/HW/HDL/UDP/CoreGEN/v5_emac_v1_5/example_design/physical/gmii_if.vhd sub00/vhpl39 1308738771
PB functions functions /home/kimei/VHDL/trigger/Trigger/HW/HDL/Shared/functions.vhd sub00/vhpl11 1308738743
AR v5_emac_v1_5_locallink top_level /home/kimei/VHDL/trigger/Trigger/HW/HDL/UDP/CoreGEN/v5_emac_v1_5/example_design/v5_emac_v1_5_locallink.vhd sub00/vhpl53 1308738785
AR cru behavioral /home/kimei/VHDL/trigger/Trigger/HW/HDL/CRU/CRU.vhd sub00/vhpl65 1308738799
EN tx_client_fifo_8 NULL /home/kimei/VHDL/trigger/Trigger/HW/HDL/UDP/CoreGEN/v5_emac_v1_5/example_design/client/fifo/tx_client_fifo_8.vhd sub00/vhpl34 1308738766
AR comp_11b_equal comp_11b_equal_a /home/kimei/VHDL/trigger/Trigger/HW/HDL/UDP/UDP_mr/comp_11b_equal.vhd sub00/vhpl08 1308738740
AR eth_fifo_8 rtl /home/kimei/VHDL/trigger/Trigger/HW/HDL/UDP/CoreGEN/v5_emac_v1_5/example_design/client/fifo/eth_fifo_8.vhd sub00/vhpl51 1308738783
AR udp_ip_core behavioral /home/kimei/VHDL/trigger/Trigger/HW/HDL/UDP/UDPIP/udp_ip__core/trunk/UDP_IP_CORE/UDP_IP_CORE__Virtex5/UDP_IP_Core.vhd sub00/vhpl55 1308738787
AR rx_client_fifo_8 rtl /home/kimei/VHDL/trigger/Trigger/HW/HDL/UDP/CoreGEN/v5_emac_v1_5/example_design/client/fifo/rx_client_fifo_8.vhd sub00/vhpl37 1308738769
AR ipv4_packet_receiver behavioral /home/kimei/VHDL/trigger/Trigger/HW/HDL/UDP/UDPIP/udp_ip__core/trunk/UDP_IP_CORE/UDP_IP_CORE__Virtex5/IPv4_PACKET_RECEIVER.vhd sub00/vhpl47 1308738779
EN v5_emac_v1_5_example_design NULL /home/kimei/VHDL/trigger/Trigger/HW/HDL/UDP/CoreGEN/v5_emac_v1_5/example_design/v5_emac_v1_5_example_design.vhd sub00/vhpl68 1308738804
EN rx_client_fifo_8 NULL /home/kimei/VHDL/trigger/Trigger/HW/HDL/UDP/CoreGEN/v5_emac_v1_5/example_design/client/fifo/rx_client_fifo_8.vhd sub00/vhpl36 1308738768
AR v5_emac_v1_5_example_design top_level /home/kimei/VHDL/trigger/Trigger/HW/HDL/UDP/CoreGEN/v5_emac_v1_5/example_design/v5_emac_v1_5_example_design.vhd sub00/vhpl69 1308738805
AR reg_16b_wren behavioral /home/kimei/VHDL/trigger/Trigger/HW/HDL/UDP/UDP_mr/REG_16B_WREN.vhd sub00/vhpl21 1308738753
PH constants NULL /home/kimei/VHDL/trigger/Trigger/HW/HDL/Shared/constants.vhd sub00/vhpl00 1308738732
EN gmii_if NULL /home/kimei/VHDL/trigger/Trigger/HW/HDL/UDP/CoreGEN/v5_emac_v1_5/example_design/physical/gmii_if.vhd sub00/vhpl38 1308738770
EN ipv4_packet_transmitter NULL /home/kimei/VHDL/trigger/Trigger/HW/HDL/UDP/UDP_mr/IPV4_PACKET_TRANSMITTER.vhd sub00/vhpl44 1308738776
EN dist_mem_64x8 NULL /home/kimei/VHDL/trigger/Trigger/HW/HDL/UDP/UDP_mr/dist_mem_64x8.vhd sub00/vhpl24 1308738756
EN v5_emac_v1_5_block NULL /home/kimei/VHDL/trigger/Trigger/HW/HDL/UDP/CoreGEN/v5_emac_v1_5/example_design/v5_emac_v1_5_block.vhd sub00/vhpl48 1308738780
AR allow_zero_udp_checksum behavioral /home/kimei/VHDL/trigger/Trigger/HW/HDL/UDP/UDP_mr/ALLOW_ZERO_UDP_CHECKSUM.vhd sub00/vhpl29 1308738761
EN rand_trigger NULL /home/kimei/VHDL/trigger/Trigger/HW/HDL/random_trigger/rand_trigger.vhd sub00/vhpl74 1308738802
AR dist_mem_64x8 dist_mem_64x8_a /home/kimei/VHDL/trigger/Trigger/HW/HDL/UDP/UDP_mr/dist_mem_64x8.vhd sub00/vhpl25 1308738757
AR rand_trigger behavioral /home/kimei/VHDL/trigger/Trigger/HW/HDL/random_trigger/rand_trigger.vhd sub00/vhpl75 1308738803
AR a2s rtl /home/kimei/VHDL/trigger/Trigger/HW/HDL/Shared/a2s.vhd sub00/vhpl63 1308738795
AR target_eof behavioral /home/kimei/VHDL/trigger/Trigger/HW/HDL/UDP/UDP_mr/TARGET_EOF.vhd sub00/vhpl19 1308738751
EN counter_11b_en_trans NULL /home/kimei/VHDL/trigger/Trigger/HW/HDL/UDP/UDP_mr/COUNTER_11B_EN_TRANS.vhd sub00/vhpl05 1308738737
EN rate_counter NULL /home/kimei/VHDL/trigger/Trigger/HW/HDL/rate_counter/rate_counter.vhd sub00/vhpl56 1308738788
EN cru NULL /home/kimei/VHDL/trigger/Trigger/HW/HDL/CRU/CRU.vhd sub00/vhpl64 1308738798
AR rate_counter behave /home/kimei/VHDL/trigger/Trigger/HW/HDL/rate_counter/rate_counter.vhd sub00/vhpl57 1308738789
AR v5_emac_v1_5_block top_level /home/kimei/VHDL/trigger/Trigger/HW/HDL/UDP/CoreGEN/v5_emac_v1_5/example_design/v5_emac_v1_5_block.vhd sub00/vhpl49 1308738781
EN comp_6b_equal NULL /home/kimei/VHDL/trigger/Trigger/HW/HDL/UDP/UDP_mr/comp_6b_equal.vhd sub00/vhpl01 1308738733
AR enable_user_data_transmission behavioral /home/kimei/VHDL/trigger/Trigger/HW/HDL/UDP/UDP_mr/ENABLE_USER_DATA_TRANSMISSION.vhd sub00/vhpl31 1308738763
EN a2s NULL /home/kimei/VHDL/trigger/Trigger/HW/HDL/Shared/a2s.vhd sub00/vhpl62 1308738794
AR pll_core behavioral /home/kimei/VHDL/trigger/Trigger/HW/HDL/CRU/COREgen/PLL_core.vhd sub00/vhpl61 1308738793
EN top NULL /home/kimei/VHDL/trigger/Trigger/HW/HDL/top/top.vhd sub00/vhpl70 1308738806
EN reg_16b_wren NULL /home/kimei/VHDL/trigger/Trigger/HW/HDL/UDP/UDP_mr/REG_16B_WREN.vhd sub00/vhpl20 1308738752
AR edge_detector behave /home/kimei/VHDL/trigger/Trigger/HW/HDL/Sync_Trigger/edge_detector.vhd sub00/vhpl43 1308738775
PH components NULL /home/kimei/VHDL/trigger/Trigger/HW/HDL/Shared/components.vhd sub00/vhpl09 1308738741
AR counter_6b_lut_fifo_mode behavioral /home/kimei/VHDL/trigger/Trigger/HW/HDL/UDP/UDP_mr/COUNTER_6B_LUT_FIFO_MODE.vhd sub00/vhpl04 1308738736
EN allow_zero_udp_checksum NULL /home/kimei/VHDL/trigger/Trigger/HW/HDL/UDP/UDP_mr/ALLOW_ZERO_UDP_CHECKSUM.vhd sub00/vhpl28 1308738760
EN target_eof NULL /home/kimei/VHDL/trigger/Trigger/HW/HDL/UDP/UDP_mr/TARGET_EOF.vhd sub00/vhpl18 1308738750
AR override_lut_control behavioral /home/kimei/VHDL/trigger/Trigger/HW/HDL/UDP/UDP_mr/OVERRIDE_LUT_CONTROL.vhd sub00/vhpl27 1308738759
AR ipv4_lut_indexer behavioral /home/kimei/VHDL/trigger/Trigger/HW/HDL/UDP/UDP_mr/IPV4_LUT_INDEXER.vhd sub00/vhpl23 1308738755
EN v5_emac_v1_5 NULL /home/kimei/VHDL/trigger/Trigger/HW/HDL/UDP/CoreGEN/v5_emac_v1_5/example_design/v5_emac_v1_5.vhd sub00/vhpl40 1308738772
AR tx_client_fifo_8 rtl /home/kimei/VHDL/trigger/Trigger/HW/HDL/UDP/CoreGEN/v5_emac_v1_5/example_design/client/fifo/tx_client_fifo_8.vhd sub00/vhpl35 1308738767
AR comp_6b_equal comp_6b_equal_a /home/kimei/VHDL/trigger/Trigger/HW/HDL/UDP/UDP_mr/comp_6b_equal.vhd sub00/vhpl02 1308738734
EN pll_core NULL /home/kimei/VHDL/trigger/Trigger/HW/HDL/CRU/COREgen/PLL_core.vhd sub00/vhpl60 1308738792
EN packet_receiver_fsm NULL /home/kimei/VHDL/trigger/Trigger/HW/HDL/UDP/UDPIP/udp_ip__core/trunk/UDP_IP_CORE/UDP_IP_CORE__Virtex5/PACKET_RECEIVER_FSM.vhd sub00/vhpl12 1308738744
AR ipv4writeudpheader behavioral /home/kimei/VHDL/trigger/Trigger/HW/HDL/UDP/UDP_mr/IPV4WriteUDPHeader.vhd sub00/vhpl33 1308738765
EN ipv4_packet_receiver NULL /home/kimei/VHDL/trigger/Trigger/HW/HDL/UDP/UDPIP/udp_ip__core/trunk/UDP_IP_CORE/UDP_IP_CORE__Virtex5/IPv4_PACKET_RECEIVER.vhd sub00/vhpl46 1308738778
EN comp_11b_equal NULL /home/kimei/VHDL/trigger/Trigger/HW/HDL/UDP/UDP_mr/comp_11b_equal.vhd sub00/vhpl07 1308738739
EN counter_6b_lut_fifo_mode NULL /home/kimei/VHDL/trigger/Trigger/HW/HDL/UDP/UDP_mr/COUNTER_6B_LUT_FIFO_MODE.vhd sub00/vhpl03 1308738735
EN ipv4_lut_indexer NULL /home/kimei/VHDL/trigger/Trigger/HW/HDL/UDP/UDP_mr/IPV4_LUT_INDEXER.vhd sub00/vhpl22 1308738754
AR counter_11b_en_receiv behavioral /home/kimei/VHDL/trigger/Trigger/HW/HDL/UDP/UDPIP/udp_ip__core/trunk/UDP_IP_CORE/UDP_IP_CORE__Virtex5/COUNTER_11B_EN_RECEIV.vhd sub00/vhpl17 1308738749
EN fifo_generator_v4_4 NULL /home/kimei/VHDL/trigger/Trigger/HW/HDL/rate_counter/fifo/fifo_generator_v4_4.vhd sub00/vhpl58 1308738790
EN enable_user_data_transmission NULL /home/kimei/VHDL/trigger/Trigger/HW/HDL/UDP/UDP_mr/ENABLE_USER_DATA_TRANSMISSION.vhd sub00/vhpl30 1308738762
EN eth_fifo_8 NULL /home/kimei/VHDL/trigger/Trigger/HW/HDL/UDP/CoreGEN/v5_emac_v1_5/example_design/client/fifo/eth_fifo_8.vhd sub00/vhpl50 1308738782
EN counter_11b_en_receiv NULL /home/kimei/VHDL/trigger/Trigger/HW/HDL/UDP/UDPIP/udp_ip__core/trunk/UDP_IP_CORE/UDP_IP_CORE__Virtex5/COUNTER_11B_EN_RECEIV.vhd sub00/vhpl16 1308738748
EN udp_ip_core NULL /home/kimei/VHDL/trigger/Trigger/HW/HDL/UDP/UDPIP/udp_ip__core/trunk/UDP_IP_CORE/UDP_IP_CORE__Virtex5/UDP_IP_Core.vhd sub00/vhpl54 1308738786
EN v5_emac_v1_5_locallink NULL /home/kimei/VHDL/trigger/Trigger/HW/HDL/UDP/CoreGEN/v5_emac_v1_5/example_design/v5_emac_v1_5_locallink.vhd sub00/vhpl52 1308738784
EN switchdebouncer NULL /home/kimei/VHDL/trigger/Trigger/HW/HDL/switchDebouncer/SwitchDebouncer.vhdl sub00/vhpl72 1308738796
AR ipv4_packet_transmitter behavioral /home/kimei/VHDL/trigger/Trigger/HW/HDL/UDP/UDP_mr/IPV4_PACKET_TRANSMITTER.vhd sub00/vhpl45 1308738777
AR v5_emac_v1_5 wrapper /home/kimei/VHDL/trigger/Trigger/HW/HDL/UDP/CoreGEN/v5_emac_v1_5/example_design/v5_emac_v1_5.vhd sub00/vhpl41 1308738773
AR reg_8b_wren behavioral /home/kimei/VHDL/trigger/Trigger/HW/HDL/UDP/UDPIP/udp_ip__core/trunk/UDP_IP_CORE/UDP_IP_CORE__Virtex5/REG_8b_wren.vhd sub00/vhpl15 1308738747
AR fifo_generator_v4_4 fifo_generator_v4_4_a /home/kimei/VHDL/trigger/Trigger/HW/HDL/rate_counter/fifo/fifo_generator_v4_4.vhd sub00/vhpl59 1308738791
EN override_lut_control NULL /home/kimei/VHDL/trigger/Trigger/HW/HDL/UDP/UDP_mr/OVERRIDE_LUT_CONTROL.vhd sub00/vhpl26 1308738758
AR top behavioral /home/kimei/80/VHDL/trigger/Trigger/HW/HDL/top/top.vhd sub00/vhpl71 1308733738
PH functions NULL /home/kimei/VHDL/trigger/Trigger/HW/HDL/Shared/functions.vhd sub00/vhpl10 1308738742
EN ipv4writeudpheader NULL /home/kimei/VHDL/trigger/Trigger/HW/HDL/UDP/UDP_mr/IPV4WriteUDPHeader.vhd sub00/vhpl32 1308738764
AR sync_trigger behavioral /home/kimei/VHDL/trigger/Trigger/HW/HDL/Sync_Trigger/Sync_trigger.vhd sub00/vhpl67 1308738801
EN edge_detector NULL /home/kimei/VHDL/trigger/Trigger/HW/HDL/Sync_Trigger/edge_detector.vhd sub00/vhpl42 1308738774
AR switchdebouncer structural /home/kimei/VHDL/trigger/Trigger/HW/HDL/switchDebouncer/SwitchDebouncer.vhdl sub00/vhpl73 1308738797
