V3 169
FL /media/disk2/trigger/Trigger/HW/HDL/CRU/COREgen/PLL_core.vhd 2011/06/06.10:17:52 O.40d
EN work/PLL_core 1307453750 \
      FL /media/disk2/trigger/Trigger/HW/HDL/CRU/COREgen/PLL_core.vhd \
      PB ieee/std_logic_1164 1296775758 PB ieee/NUMERIC_STD 1296775759 LB UNISIM \
      PH unisim/VCOMPONENTS 1296775759
AR work/PLL_core/BEHAVIORAL 1307453751 \
      FL /media/disk2/trigger/Trigger/HW/HDL/CRU/COREgen/PLL_core.vhd \
      EN work/PLL_core 1307453750 CP BUFG CP PLL_ADV
FL /media/disk2/trigger/Trigger/HW/HDL/CRU/CRU.vhd 2011/06/06.10:17:52 O.40d
EN work/CRU 1307453754 FL /media/disk2/trigger/Trigger/HW/HDL/CRU/CRU.vhd \
      PB ieee/std_logic_1164 1296775758 PB ieee/std_logic_arith 1296775759 \
      PB ieee/STD_LOGIC_UNSIGNED 1296775760 LB UNISIM PH unisim/VCOMPONENTS 1296775759 \
      PH work/components 1307453699 PH work/constants 1307453690
AR work/CRU/Behavioral 1307453755 \
      FL /media/disk2/trigger/Trigger/HW/HDL/CRU/CRU.vhd EN work/CRU 1307453754 \
      CP PLL_core CP OBUFDS CP ODDR CP IBUFG CP work/a2s
FL /media/disk2/trigger/Trigger/HW/HDL/rate_counter/fifo/fifo_generator_v4_4.vhd 2011/06/06.10:17:53 O.40d
EN work/fifo_generator_v4_4 1307453748 \
      FL /media/disk2/trigger/Trigger/HW/HDL/rate_counter/fifo/fifo_generator_v4_4.vhd \
      PB ieee/std_logic_1164 1296775758
AR work/fifo_generator_v4_4/fifo_generator_v4_4_a 1307453749 \
      FL /media/disk2/trigger/Trigger/HW/HDL/rate_counter/fifo/fifo_generator_v4_4.vhd \
      EN work/fifo_generator_v4_4 1307453748
FL /media/disk2/trigger/Trigger/HW/HDL/rate_counter/rate_counter.vhd 2011/06/06.10:17:53 O.40d
EN work/rate_counter 1307453746 \
      FL /media/disk2/trigger/Trigger/HW/HDL/rate_counter/rate_counter.vhd \
      PB ieee/std_logic_1164 1296775758 PB ieee/NUMERIC_STD 1296775759 LB UNISIM \
      PH unisim/VCOMPONENTS 1296775759 PH work/components 1307453699 \
      PH work/constants 1307453690
AR work/rate_counter/behave 1307453747 \
      FL /media/disk2/trigger/Trigger/HW/HDL/rate_counter/rate_counter.vhd \
      EN work/rate_counter 1307453746 CP edge_detector
FL /media/disk2/trigger/Trigger/HW/HDL/Shared/a2s.vhd 2011/06/06.10:17:53 O.40d
EN work/a2s 1307453752 FL /media/disk2/trigger/Trigger/HW/HDL/Shared/a2s.vhd \
      PB ieee/std_logic_1164 1296775758 PB ieee/NUMERIC_STD 1296775759 \
      PH work/constants 1307453690
AR work/a2s/rtl 1307453753 \
      FL /media/disk2/trigger/Trigger/HW/HDL/Shared/a2s.vhd EN work/a2s 1307453752
FL /media/disk2/trigger/Trigger/HW/HDL/Shared/components.vhd 2011/06/06.10:17:53 O.40d
PH work/components 1307453699 \
      FL /media/disk2/trigger/Trigger/HW/HDL/Shared/components.vhd \
      PB ieee/std_logic_1164 1296775758 PB ieee/NUMERIC_STD 1296775759 \
      PH work/constants 1307453690 CD PLL_core CD edge_detector CD CRU CD a2s \
      CD sync_trigger CD uart CD com CD st_fsm CD OBUFDS CD IBUFDS \
      CD v5_emac_v1_5_example_design CD system CD rate_counter \
      CD fifo_generator_v4_4
FL /media/disk2/trigger/Trigger/HW/HDL/Shared/constants.vhd 2011/06/06.10:17:53 O.40d
PH work/constants 1307453690 \
      FL /media/disk2/trigger/Trigger/HW/HDL/Shared/constants.vhd \
      PB ieee/std_logic_1164 1296775758 PB ieee/NUMERIC_STD 1296775759
FL /media/disk2/trigger/Trigger/HW/HDL/Shared/functions.vhd 2011/06/06.10:17:53 O.40d
PH work/functions 1307453700 \
      FL /media/disk2/trigger/Trigger/HW/HDL/Shared/functions.vhd \
      PB ieee/std_logic_1164 1296775758
PB work/functions 1307453701 \
      FL /media/disk2/trigger/Trigger/HW/HDL/Shared/functions.vhd \
      PH work/functions 1307453700
FL /media/disk2/trigger/Trigger/HW/HDL/Sync_Trigger/edge_detector.vhd 2011/06/06.10:17:53 O.40d
EN work/edge_detector 1307453732 \
      FL /media/disk2/trigger/Trigger/HW/HDL/Sync_Trigger/edge_detector.vhd \
      PB ieee/std_logic_1164 1296775758 PB ieee/std_logic_arith 1296775759 \
      PB ieee/STD_LOGIC_UNSIGNED 1296775760 LB UNISIM PH unisim/VCOMPONENTS 1296775759 \
      PH work/components 1307453699 PH work/constants 1307453690 PB work/functions 1307453701
AR work/edge_detector/behave 1307453733 \
      FL /media/disk2/trigger/Trigger/HW/HDL/Sync_Trigger/edge_detector.vhd \
      EN work/edge_detector 1307453732
FL /media/disk2/trigger/Trigger/HW/HDL/Sync_Trigger/Sync_trigger.vhd 2011/06/07.09:59:03 O.40d
EN work/sync_trigger 1307453756 \
      FL /media/disk2/trigger/Trigger/HW/HDL/Sync_Trigger/Sync_trigger.vhd \
      PB ieee/std_logic_1164 1296775758 PB ieee/std_logic_arith 1296775759 \
      PB ieee/STD_LOGIC_UNSIGNED 1296775760 PB ieee/NUMERIC_STD 1296775759 \
      LB UNISIM PH unisim/VCOMPONENTS 1296775759 PH work/components 1307453699 \
      PH work/constants 1307453690 PB work/functions 1307453701
AR work/sync_trigger/Behavioral 1307453757 \
      FL /media/disk2/trigger/Trigger/HW/HDL/Sync_Trigger/Sync_trigger.vhd \
      EN work/sync_trigger 1307453756 CP edge_detector
FL /media/disk2/trigger/Trigger/HW/HDL/top/top.vhd 2011/06/07.15:30:40 O.40d
EN work/top 1307453760 FL /media/disk2/trigger/Trigger/HW/HDL/top/top.vhd \
      PB ieee/std_logic_1164 1296775758 PB ieee/std_logic_arith 1296775759 \
      PB ieee/STD_LOGIC_UNSIGNED 1296775760 LB UNISIM PH unisim/VCOMPONENTS 1296775759 \
      PH work/components 1307453699 PH work/constants 1307453690
AR work/top/Behavioral 1307453761 \
      FL /media/disk2/trigger/Trigger/HW/HDL/top/top.vhd EN work/top 1307453760 \
      CP CRU CP sync_trigger CP IBUFDS CP OBUFDS CP v5_emac_v1_5_example_design
FL /media/disk2/trigger/Trigger/HW/HDL/UDP/CoreGEN/v5_emac_v1_5/example_design/client/fifo/eth_fifo_8.vhd 2011/06/06.10:17:53 O.40d
EN work/eth_fifo_8 1307453740 \
      FL /media/disk2/trigger/Trigger/HW/HDL/UDP/CoreGEN/v5_emac_v1_5/example_design/client/fifo/eth_fifo_8.vhd \
      LB UNISIM PH unisim/VCOMPONENTS 1296775759 PB ieee/std_logic_1164 1296775758 \
      PB ieee/STD_LOGIC_UNSIGNED 1296775760 PB ieee/NUMERIC_STD 1296775759
AR work/eth_fifo_8/RTL 1307453741 \
      FL /media/disk2/trigger/Trigger/HW/HDL/UDP/CoreGEN/v5_emac_v1_5/example_design/client/fifo/eth_fifo_8.vhd \
      EN work/eth_fifo_8 1307453740 CP tx_client_fifo_8 CP rx_client_fifo_8
FL /media/disk2/trigger/Trigger/HW/HDL/UDP/CoreGEN/v5_emac_v1_5/example_design/client/fifo/rx_client_fifo_8.vhd 2011/06/06.10:17:53 O.40d
EN work/rx_client_fifo_8 1307453726 \
      FL /media/disk2/trigger/Trigger/HW/HDL/UDP/CoreGEN/v5_emac_v1_5/example_design/client/fifo/rx_client_fifo_8.vhd \
      LB UNISIM PH unisim/VCOMPONENTS 1296775759 PB ieee/std_logic_1164 1296775758 \
      PB ieee/STD_LOGIC_UNSIGNED 1296775760 PB ieee/NUMERIC_STD 1296775759
AR work/rx_client_fifo_8/RTL 1307453727 \
      FL /media/disk2/trigger/Trigger/HW/HDL/UDP/CoreGEN/v5_emac_v1_5/example_design/client/fifo/rx_client_fifo_8.vhd \
      EN work/rx_client_fifo_8 1307453726 CP RAMB16_S9_S9
FL /media/disk2/trigger/Trigger/HW/HDL/UDP/CoreGEN/v5_emac_v1_5/example_design/client/fifo/tx_client_fifo_8.vhd 2011/06/06.10:17:53 O.40d
EN work/tx_client_fifo_8 1307453724 \
      FL /media/disk2/trigger/Trigger/HW/HDL/UDP/CoreGEN/v5_emac_v1_5/example_design/client/fifo/tx_client_fifo_8.vhd \
      LB UNISIM PH unisim/VCOMPONENTS 1296775759 PB ieee/std_logic_1164 1296775758 \
      PB ieee/STD_LOGIC_UNSIGNED 1296775760 PB ieee/NUMERIC_STD 1296775759
AR work/tx_client_fifo_8/RTL 1307453725 \
      FL /media/disk2/trigger/Trigger/HW/HDL/UDP/CoreGEN/v5_emac_v1_5/example_design/client/fifo/tx_client_fifo_8.vhd \
      EN work/tx_client_fifo_8 1307453724 CP RAMB16_S9_S9
FL /media/disk2/trigger/Trigger/HW/HDL/UDP/CoreGEN/v5_emac_v1_5/example_design/physical/gmii_if.vhd 2011/06/06.10:17:53 O.40d
EN work/gmii_if 1307453728 \
      FL /media/disk2/trigger/Trigger/HW/HDL/UDP/CoreGEN/v5_emac_v1_5/example_design/physical/gmii_if.vhd \
      LB UNISIM PH unisim/VCOMPONENTS 1296775759 PB ieee/std_logic_1164 1296775758
AR work/gmii_if/PHY_IF 1307453729 \
      FL /media/disk2/trigger/Trigger/HW/HDL/UDP/CoreGEN/v5_emac_v1_5/example_design/physical/gmii_if.vhd \
      EN work/gmii_if 1307453728 CP ODDR CP IDELAY
FL /media/disk2/trigger/Trigger/HW/HDL/UDP/CoreGEN/v5_emac_v1_5/example_design/v5_emac_v1_5.vhd 2011/06/06.10:17:53 O.40d
EN work/v5_emac_v1_5 1307453730 \
      FL /media/disk2/trigger/Trigger/HW/HDL/UDP/CoreGEN/v5_emac_v1_5/example_design/v5_emac_v1_5.vhd \
      LB UNISIM PH unisim/VCOMPONENTS 1296775759 PB ieee/std_logic_1164 1296775758
AR work/v5_emac_v1_5/WRAPPER 1307453731 \
      FL /media/disk2/trigger/Trigger/HW/HDL/UDP/CoreGEN/v5_emac_v1_5/example_design/v5_emac_v1_5.vhd \
      EN work/v5_emac_v1_5 1307453730 CP TEMAC
FL /media/disk2/trigger/Trigger/HW/HDL/UDP/CoreGEN/v5_emac_v1_5/example_design/v5_emac_v1_5_block.vhd 2011/06/06.10:17:53 O.40d
EN work/v5_emac_v1_5_block 1307453738 \
      FL /media/disk2/trigger/Trigger/HW/HDL/UDP/CoreGEN/v5_emac_v1_5/example_design/v5_emac_v1_5_block.vhd \
      LB UNISIM PH unisim/VCOMPONENTS 1296775759 PB ieee/std_logic_1164 1296775758
AR work/v5_emac_v1_5_block/TOP_LEVEL 1307453739 \
      FL /media/disk2/trigger/Trigger/HW/HDL/UDP/CoreGEN/v5_emac_v1_5/example_design/v5_emac_v1_5_block.vhd \
      EN work/v5_emac_v1_5_block 1307453738 CP gmii_if CP v5_emac_v1_5
FL /media/disk2/trigger/Trigger/HW/HDL/UDP/CoreGEN/v5_emac_v1_5/example_design/v5_emac_v1_5_example_design.vhd 2011/06/06.10:17:53 O.40d
EN work/v5_emac_v1_5_example_design 1307453758 \
      FL /media/disk2/trigger/Trigger/HW/HDL/UDP/CoreGEN/v5_emac_v1_5/example_design/v5_emac_v1_5_example_design.vhd \
      LB UNISIM PH unisim/VCOMPONENTS 1296775759 PB ieee/std_logic_1164 1296775758 \
      PH work/components 1307453699 PH work/constants 1307453690
AR work/v5_emac_v1_5_example_design/TOP_LEVEL 1307453759 \
      FL /media/disk2/trigger/Trigger/HW/HDL/UDP/CoreGEN/v5_emac_v1_5/example_design/v5_emac_v1_5_example_design.vhd \
      EN work/v5_emac_v1_5_example_design 1307453758 CP IDELAYCTRL CP IODELAY \
      CP BUFG CP v5_emac_v1_5_locallink CP UDP_IP_Core CP rate_counter \
      CP fifo_generator_v4_4 CP IBUF
FL /media/disk2/trigger/Trigger/HW/HDL/UDP/CoreGEN/v5_emac_v1_5/example_design/v5_emac_v1_5_locallink.vhd 2011/06/06.10:17:53 O.40d
EN work/v5_emac_v1_5_locallink 1307453742 \
      FL /media/disk2/trigger/Trigger/HW/HDL/UDP/CoreGEN/v5_emac_v1_5/example_design/v5_emac_v1_5_locallink.vhd \
      LB UNISIM PH unisim/VCOMPONENTS 1296775759 PB ieee/std_logic_1164 1296775758
AR work/v5_emac_v1_5_locallink/TOP_LEVEL 1307453743 \
      FL /media/disk2/trigger/Trigger/HW/HDL/UDP/CoreGEN/v5_emac_v1_5/example_design/v5_emac_v1_5_locallink.vhd \
      EN work/v5_emac_v1_5_locallink 1307453742 CP v5_emac_v1_5_block \
      CP eth_fifo_8
FL /media/disk2/trigger/Trigger/HW/HDL/UDP/UDPIP/udp_ip__core/trunk/UDP_IP_CORE/UDP_IP_CORE__Virtex5/COUNTER_11B_EN_RECEIV.vhd 2011/06/06.10:17:53 O.40d
EN work/COUNTER_11B_EN_RECEIV 1307453706 \
      FL /media/disk2/trigger/Trigger/HW/HDL/UDP/UDPIP/udp_ip__core/trunk/UDP_IP_CORE/UDP_IP_CORE__Virtex5/COUNTER_11B_EN_RECEIV.vhd \
      PB ieee/std_logic_1164 1296775758 PB ieee/std_logic_arith 1296775759 \
      PB ieee/STD_LOGIC_UNSIGNED 1296775760
AR work/COUNTER_11B_EN_RECEIV/Behavioral 1307453707 \
      FL /media/disk2/trigger/Trigger/HW/HDL/UDP/UDPIP/udp_ip__core/trunk/UDP_IP_CORE/UDP_IP_CORE__Virtex5/COUNTER_11B_EN_RECEIV.vhd \
      EN work/COUNTER_11B_EN_RECEIV 1307453706
FL /media/disk2/trigger/Trigger/HW/HDL/UDP/UDPIP/udp_ip__core/trunk/UDP_IP_CORE/UDP_IP_CORE__Virtex5/IPv4_PACKET_RECEIVER.vhd 2011/06/06.10:17:53 O.40d
EN work/IPv4_PACKET_RECEIVER 1307453736 \
      FL /media/disk2/trigger/Trigger/HW/HDL/UDP/UDPIP/udp_ip__core/trunk/UDP_IP_CORE/UDP_IP_CORE__Virtex5/IPv4_PACKET_RECEIVER.vhd \
      PB ieee/std_logic_1164 1296775758 PB ieee/std_logic_arith 1296775759 \
      PB ieee/STD_LOGIC_UNSIGNED 1296775760
AR work/IPv4_PACKET_RECEIVER/Behavioral 1307453737 \
      FL /media/disk2/trigger/Trigger/HW/HDL/UDP/UDPIP/udp_ip__core/trunk/UDP_IP_CORE/UDP_IP_CORE__Virtex5/IPv4_PACKET_RECEIVER.vhd \
      EN work/IPv4_PACKET_RECEIVER 1307453736 CP PACKET_RECEIVER_FSM \
      CP REG_8b_wren CP COUNTER_11B_EN_RECEIV CP Comp_11b_equal
FL /media/disk2/trigger/Trigger/HW/HDL/UDP/UDPIP/udp_ip__core/trunk/UDP_IP_CORE/UDP_IP_CORE__Virtex5/PACKET_RECEIVER_FSM.vhd 2011/06/06.10:17:53 O.40d
EN work/PACKET_RECEIVER_FSM 1307453702 \
      FL /media/disk2/trigger/Trigger/HW/HDL/UDP/UDPIP/udp_ip__core/trunk/UDP_IP_CORE/UDP_IP_CORE__Virtex5/PACKET_RECEIVER_FSM.vhd \
      PB ieee/std_logic_1164 1296775758 PB ieee/std_logic_arith 1296775759 \
      PB ieee/STD_LOGIC_UNSIGNED 1296775760
AR work/PACKET_RECEIVER_FSM/Behavioral 1307453703 \
      FL /media/disk2/trigger/Trigger/HW/HDL/UDP/UDPIP/udp_ip__core/trunk/UDP_IP_CORE/UDP_IP_CORE__Virtex5/PACKET_RECEIVER_FSM.vhd \
      EN work/PACKET_RECEIVER_FSM 1307453702
FL /media/disk2/trigger/Trigger/HW/HDL/UDP/UDPIP/udp_ip__core/trunk/UDP_IP_CORE/UDP_IP_CORE__Virtex5/REG_8b_wren.vhd 2011/06/06.10:17:53 O.40d
EN work/REG_8b_wren 1307453704 \
      FL /media/disk2/trigger/Trigger/HW/HDL/UDP/UDPIP/udp_ip__core/trunk/UDP_IP_CORE/UDP_IP_CORE__Virtex5/REG_8b_wren.vhd \
      PB ieee/std_logic_1164 1296775758 PB ieee/std_logic_arith 1296775759 \
      PB ieee/STD_LOGIC_UNSIGNED 1296775760
AR work/REG_8b_wren/Behavioral 1307453705 \
      FL /media/disk2/trigger/Trigger/HW/HDL/UDP/UDPIP/udp_ip__core/trunk/UDP_IP_CORE/UDP_IP_CORE__Virtex5/REG_8b_wren.vhd \
      EN work/REG_8b_wren 1307453704
FL /media/disk2/trigger/Trigger/HW/HDL/UDP/UDPIP/udp_ip__core/trunk/UDP_IP_CORE/UDP_IP_CORE__Virtex5/UDP_IP_Core.vhd 2011/06/06.10:17:53 O.40d
EN work/UDP_IP_Core 1307453744 \
      FL /media/disk2/trigger/Trigger/HW/HDL/UDP/UDPIP/udp_ip__core/trunk/UDP_IP_CORE/UDP_IP_CORE__Virtex5/UDP_IP_Core.vhd \
      PB ieee/std_logic_1164 1296775758 PB ieee/std_logic_arith 1296775759 \
      PB ieee/STD_LOGIC_UNSIGNED 1296775760
AR work/UDP_IP_Core/Behavioral 1307453745 \
      FL /media/disk2/trigger/Trigger/HW/HDL/UDP/UDPIP/udp_ip__core/trunk/UDP_IP_CORE/UDP_IP_CORE__Virtex5/UDP_IP_Core.vhd \
      EN work/UDP_IP_Core 1307453744 CP IPV4_PACKET_TRANSMITTER \
      CP IPv4_PACKET_RECEIVER
FL /media/disk2/trigger/Trigger/HW/HDL/UDP/UDP_mr/ALLOW_ZERO_UDP_CHECKSUM.vhd 2011/06/06.10:17:53 O.40d
EN work/ALLOW_ZERO_UDP_CHECKSUM 1307453718 \
      FL /media/disk2/trigger/Trigger/HW/HDL/UDP/UDP_mr/ALLOW_ZERO_UDP_CHECKSUM.vhd \
      PB ieee/std_logic_1164 1296775758 PB ieee/std_logic_arith 1296775759 \
      PB ieee/STD_LOGIC_UNSIGNED 1296775760
AR work/ALLOW_ZERO_UDP_CHECKSUM/Behavioral 1307453719 \
      FL /media/disk2/trigger/Trigger/HW/HDL/UDP/UDP_mr/ALLOW_ZERO_UDP_CHECKSUM.vhd \
      EN work/ALLOW_ZERO_UDP_CHECKSUM 1307453718
FL /media/disk2/trigger/Trigger/HW/HDL/UDP/UDP_mr/comp_11b_equal.vhd 2011/06/06.10:17:53 O.40d
EN work/comp_11b_equal 1307453697 \
      FL /media/disk2/trigger/Trigger/HW/HDL/UDP/UDP_mr/comp_11b_equal.vhd \
      PB ieee/std_logic_1164 1296775758
AR work/comp_11b_equal/comp_11b_equal_a 1307453698 \
      FL /media/disk2/trigger/Trigger/HW/HDL/UDP/UDP_mr/comp_11b_equal.vhd \
      EN work/comp_11b_equal 1307453697
FL /media/disk2/trigger/Trigger/HW/HDL/UDP/UDP_mr/comp_6b_equal.vhd 2011/06/06.10:17:53 O.40d
EN work/comp_6b_equal 1307453691 \
      FL /media/disk2/trigger/Trigger/HW/HDL/UDP/UDP_mr/comp_6b_equal.vhd \
      PB ieee/std_logic_1164 1296775758
AR work/comp_6b_equal/comp_6b_equal_a 1307453692 \
      FL /media/disk2/trigger/Trigger/HW/HDL/UDP/UDP_mr/comp_6b_equal.vhd \
      EN work/comp_6b_equal 1307453691
FL /media/disk2/trigger/Trigger/HW/HDL/UDP/UDP_mr/COUNTER_11B_EN_TRANS.vhd 2011/06/06.10:17:53 O.40d
EN work/COUNTER_11B_EN_TRANS 1307453695 \
      FL /media/disk2/trigger/Trigger/HW/HDL/UDP/UDP_mr/COUNTER_11B_EN_TRANS.vhd \
      PB ieee/std_logic_1164 1296775758 PB ieee/std_logic_arith 1296775759 \
      PB ieee/STD_LOGIC_UNSIGNED 1296775760
AR work/COUNTER_11B_EN_TRANS/Behavioral 1307453696 \
      FL /media/disk2/trigger/Trigger/HW/HDL/UDP/UDP_mr/COUNTER_11B_EN_TRANS.vhd \
      EN work/COUNTER_11B_EN_TRANS 1307453695
FL /media/disk2/trigger/Trigger/HW/HDL/UDP/UDP_mr/COUNTER_6B_LUT_FIFO_MODE.vhd 2011/06/06.10:17:53 O.40d
EN work/COUNTER_6B_LUT_FIFO_MODE 1307453693 \
      FL /media/disk2/trigger/Trigger/HW/HDL/UDP/UDP_mr/COUNTER_6B_LUT_FIFO_MODE.vhd \
      PB ieee/std_logic_1164 1296775758 PB ieee/std_logic_arith 1296775759 \
      PB ieee/STD_LOGIC_UNSIGNED 1296775760
AR work/COUNTER_6B_LUT_FIFO_MODE/Behavioral 1307453694 \
      FL /media/disk2/trigger/Trigger/HW/HDL/UDP/UDP_mr/COUNTER_6B_LUT_FIFO_MODE.vhd \
      EN work/COUNTER_6B_LUT_FIFO_MODE 1307453693
FL /media/disk2/trigger/Trigger/HW/HDL/UDP/UDP_mr/dist_mem_64x8.vhd 2011/06/06.10:17:53 O.40d
EN work/dist_mem_64x8 1307453714 \
      FL /media/disk2/trigger/Trigger/HW/HDL/UDP/UDP_mr/dist_mem_64x8.vhd \
      PB ieee/std_logic_1164 1296775758
AR work/dist_mem_64x8/dist_mem_64x8_a 1307453715 \
      FL /media/disk2/trigger/Trigger/HW/HDL/UDP/UDP_mr/dist_mem_64x8.vhd \
      EN work/dist_mem_64x8 1307453714
FL /media/disk2/trigger/Trigger/HW/HDL/UDP/UDP_mr/ENABLE_USER_DATA_TRANSMISSION.vhd 2011/06/06.10:17:53 O.40d
EN work/ENABLE_USER_DATA_TRANSMISSION 1307453720 \
      FL /media/disk2/trigger/Trigger/HW/HDL/UDP/UDP_mr/ENABLE_USER_DATA_TRANSMISSION.vhd \
      PB ieee/std_logic_1164 1296775758 PB ieee/std_logic_arith 1296775759 \
      PB ieee/STD_LOGIC_UNSIGNED 1296775760
AR work/ENABLE_USER_DATA_TRANSMISSION/Behavioral 1307453721 \
      FL /media/disk2/trigger/Trigger/HW/HDL/UDP/UDP_mr/ENABLE_USER_DATA_TRANSMISSION.vhd \
      EN work/ENABLE_USER_DATA_TRANSMISSION 1307453720
FL /media/disk2/trigger/Trigger/HW/HDL/UDP/UDP_mr/IPV4WriteUDPHeader.vhd 2011/06/06.10:17:53 O.40d
EN work/IPV4WriteUDPHeader 1307453722 \
      FL /media/disk2/trigger/Trigger/HW/HDL/UDP/UDP_mr/IPV4WriteUDPHeader.vhd \
      PB ieee/std_logic_1164 1296775758 PB ieee/NUMERIC_STD 1296775759 LB UNISIM \
      PH unisim/VCOMPONENTS 1296775759
AR work/IPV4WriteUDPHeader/Behavioral 1307453723 \
      FL /media/disk2/trigger/Trigger/HW/HDL/UDP/UDP_mr/IPV4WriteUDPHeader.vhd \
      EN work/IPV4WriteUDPHeader 1307453722
FL /media/disk2/trigger/Trigger/HW/HDL/UDP/UDP_mr/IPV4_LUT_INDEXER.vhd 2011/06/06.10:17:53 O.40d
EN work/IPV4_LUT_INDEXER 1307453712 \
      FL /media/disk2/trigger/Trigger/HW/HDL/UDP/UDP_mr/IPV4_LUT_INDEXER.vhd \
      PB ieee/std_logic_1164 1296775758 PB ieee/std_logic_arith 1296775759 \
      PB ieee/STD_LOGIC_UNSIGNED 1296775760
AR work/IPV4_LUT_INDEXER/Behavioral 1307453713 \
      FL /media/disk2/trigger/Trigger/HW/HDL/UDP/UDP_mr/IPV4_LUT_INDEXER.vhd \
      EN work/IPV4_LUT_INDEXER 1307453712 CP comp_6b_equal \
      CP COUNTER_6B_LUT_FIFO_MODE
FL /media/disk2/trigger/Trigger/HW/HDL/UDP/UDP_mr/IPV4_PACKET_TRANSMITTER.vhd 2011/06/06.10:17:53 O.40d
EN work/IPV4_PACKET_TRANSMITTER 1307453734 \
      FL /media/disk2/trigger/Trigger/HW/HDL/UDP/UDP_mr/IPV4_PACKET_TRANSMITTER.vhd \
      PB ieee/std_logic_1164 1296775758 PB ieee/std_logic_arith 1296775759 \
      PB ieee/STD_LOGIC_UNSIGNED 1296775760
AR work/IPV4_PACKET_TRANSMITTER/Behavioral 1307453735 \
      FL /media/disk2/trigger/Trigger/HW/HDL/UDP/UDP_mr/IPV4_PACKET_TRANSMITTER.vhd \
      EN work/IPV4_PACKET_TRANSMITTER 1307453734 CP TARGET_EOF CP REG_16B_WREN \
      CP IPV4_LUT_INDEXER CP dist_mem_64x8 CP OVERRIDE_LUT_CONTROL \
      CP ALLOW_ZERO_UDP_CHECKSUM CP ENABLE_USER_DATA_TRANSMISSION \
      CP work/IPV4WriteUDPHeader
FL /media/disk2/trigger/Trigger/HW/HDL/UDP/UDP_mr/OVERRIDE_LUT_CONTROL.vhd 2011/06/06.10:17:53 O.40d
EN work/OVERRIDE_LUT_CONTROL 1307453716 \
      FL /media/disk2/trigger/Trigger/HW/HDL/UDP/UDP_mr/OVERRIDE_LUT_CONTROL.vhd \
      PB ieee/std_logic_1164 1296775758 PB ieee/std_logic_arith 1296775759 \
      PB ieee/STD_LOGIC_UNSIGNED 1296775760
AR work/OVERRIDE_LUT_CONTROL/Behavioral 1307453717 \
      FL /media/disk2/trigger/Trigger/HW/HDL/UDP/UDP_mr/OVERRIDE_LUT_CONTROL.vhd \
      EN work/OVERRIDE_LUT_CONTROL 1307453716 CP comp_6b_equal
FL /media/disk2/trigger/Trigger/HW/HDL/UDP/UDP_mr/REG_16B_WREN.vhd 2011/06/06.10:17:53 O.40d
EN work/REG_16B_WREN 1307453710 \
      FL /media/disk2/trigger/Trigger/HW/HDL/UDP/UDP_mr/REG_16B_WREN.vhd \
      PB ieee/std_logic_1164 1296775758 PB ieee/std_logic_arith 1296775759 \
      PB ieee/STD_LOGIC_UNSIGNED 1296775760
AR work/REG_16B_WREN/Behavioral 1307453711 \
      FL /media/disk2/trigger/Trigger/HW/HDL/UDP/UDP_mr/REG_16B_WREN.vhd \
      EN work/REG_16B_WREN 1307453710
FL /media/disk2/trigger/Trigger/HW/HDL/UDP/UDP_mr/TARGET_EOF.vhd 2011/06/06.10:17:53 O.40d
EN work/TARGET_EOF 1307453708 \
      FL /media/disk2/trigger/Trigger/HW/HDL/UDP/UDP_mr/TARGET_EOF.vhd \
      PB ieee/std_logic_1164 1296775758 PB ieee/std_logic_arith 1296775759 \
      PB ieee/STD_LOGIC_UNSIGNED 1296775760
AR work/TARGET_EOF/Behavioral 1307453709 \
      FL /media/disk2/trigger/Trigger/HW/HDL/UDP/UDP_mr/TARGET_EOF.vhd \
      EN work/TARGET_EOF 1307453708 CP COUNTER_11B_EN_TRANS CP Comp_11b_equal
