V3 266
FL /home/kimei/80/VHDL/trigger/Trigger/HW/HDL/CRU/COREgen/PLL_core.vhd 2011/06/08.12:55:39 O.40d
FL /home/kimei/80/VHDL/trigger/Trigger/HW/HDL/CRU/CRU.vhd 2011/06/08.12:55:39 O.40d
FL /home/kimei/80/VHDL/trigger/Trigger/HW/HDL/random_trigger/rand_trigger.vhd 2011/06/22.11:36:46 O.40d
FL /home/kimei/80/VHDL/trigger/Trigger/HW/HDL/rate_counter/fifo/fifo_generator_v4_4.vhd 2011/06/14.10:55:44 O.40d
FL /home/kimei/80/VHDL/trigger/Trigger/HW/HDL/rate_counter/rate_counter.vhd 2011/06/14.17:01:28 O.40d
FL /home/kimei/80/VHDL/trigger/Trigger/HW/HDL/Shared/a2s.vhd 2011/06/08.12:55:40 O.40d
FL /home/kimei/80/VHDL/trigger/Trigger/HW/HDL/Shared/components.vhd 2011/06/14.11:36:01 O.40d
FL /home/kimei/80/VHDL/trigger/Trigger/HW/HDL/Shared/constants.vhd 2011/06/08.12:55:40 O.40d
FL /home/kimei/80/VHDL/trigger/Trigger/HW/HDL/Shared/functions.vhd 2011/06/08.12:55:40 O.40d
FL /home/kimei/80/VHDL/trigger/Trigger/HW/HDL/switchDebouncer/SwitchDebouncer.vhdl 2011/06/22.10:58:56 O.40d
FL /home/kimei/80/VHDL/trigger/Trigger/HW/HDL/Sync_Trigger/edge_detector.vhd 2011/06/08.12:55:40 O.40d
FL /home/kimei/80/VHDL/trigger/Trigger/HW/HDL/Sync_Trigger/Sync_trigger.vhd 2011/06/16.09:21:45 O.40d
FL /home/kimei/80/VHDL/trigger/Trigger/HW/HDL/top/top.vhd 2011/06/22.11:00:45 O.40d
FL /home/kimei/80/VHDL/trigger/Trigger/HW/HDL/UDP/CoreGEN/v5_emac_v1_5/example_design/client/fifo/eth_fifo_8.vhd 2011/06/08.12:55:40 O.40d
FL /home/kimei/80/VHDL/trigger/Trigger/HW/HDL/UDP/CoreGEN/v5_emac_v1_5/example_design/client/fifo/rx_client_fifo_8.vhd 2011/06/08.12:55:40 O.40d
FL /home/kimei/80/VHDL/trigger/Trigger/HW/HDL/UDP/CoreGEN/v5_emac_v1_5/example_design/client/fifo/tx_client_fifo_8.vhd 2011/06/08.12:55:40 O.40d
FL /home/kimei/80/VHDL/trigger/Trigger/HW/HDL/UDP/CoreGEN/v5_emac_v1_5/example_design/physical/gmii_if.vhd 2011/06/08.12:55:40 O.40d
FL /home/kimei/80/VHDL/trigger/Trigger/HW/HDL/UDP/CoreGEN/v5_emac_v1_5/example_design/v5_emac_v1_5.vhd 2011/06/08.12:55:40 O.40d
FL /home/kimei/80/VHDL/trigger/Trigger/HW/HDL/UDP/CoreGEN/v5_emac_v1_5/example_design/v5_emac_v1_5_block.vhd 2011/06/08.12:55:40 O.40d
FL /home/kimei/80/VHDL/trigger/Trigger/HW/HDL/UDP/CoreGEN/v5_emac_v1_5/example_design/v5_emac_v1_5_example_design.vhd 2011/06/14.16:55:00 O.40d
FL /home/kimei/80/VHDL/trigger/Trigger/HW/HDL/UDP/CoreGEN/v5_emac_v1_5/example_design/v5_emac_v1_5_locallink.vhd 2011/06/08.12:55:40 O.40d
FL /home/kimei/80/VHDL/trigger/Trigger/HW/HDL/UDP/UDPIP/udp_ip__core/trunk/UDP_IP_CORE/UDP_IP_CORE__Virtex5/COUNTER_11B_EN_RECEIV.vhd 2011/06/08.12:55:40 O.40d
FL /home/kimei/80/VHDL/trigger/Trigger/HW/HDL/UDP/UDPIP/udp_ip__core/trunk/UDP_IP_CORE/UDP_IP_CORE__Virtex5/IPv4_PACKET_RECEIVER.vhd 2011/06/08.12:55:40 O.40d
FL /home/kimei/80/VHDL/trigger/Trigger/HW/HDL/UDP/UDPIP/udp_ip__core/trunk/UDP_IP_CORE/UDP_IP_CORE__Virtex5/PACKET_RECEIVER_FSM.vhd 2011/06/08.12:55:40 O.40d
FL /home/kimei/80/VHDL/trigger/Trigger/HW/HDL/UDP/UDPIP/udp_ip__core/trunk/UDP_IP_CORE/UDP_IP_CORE__Virtex5/REG_8b_wren.vhd 2011/06/08.12:55:40 O.40d
FL /home/kimei/80/VHDL/trigger/Trigger/HW/HDL/UDP/UDPIP/udp_ip__core/trunk/UDP_IP_CORE/UDP_IP_CORE__Virtex5/UDP_IP_Core.vhd 2011/06/08.12:55:40 O.40d
FL /home/kimei/80/VHDL/trigger/Trigger/HW/HDL/UDP/UDP_mr/ALLOW_ZERO_UDP_CHECKSUM.vhd 2011/06/08.12:55:40 O.40d
FL /home/kimei/80/VHDL/trigger/Trigger/HW/HDL/UDP/UDP_mr/comp_11b_equal.vhd 2011/06/08.12:55:40 O.40d
FL /home/kimei/80/VHDL/trigger/Trigger/HW/HDL/UDP/UDP_mr/comp_6b_equal.vhd 2011/06/08.12:55:40 O.40d
FL /home/kimei/80/VHDL/trigger/Trigger/HW/HDL/UDP/UDP_mr/COUNTER_11B_EN_TRANS.vhd 2011/06/08.12:55:40 O.40d
FL /home/kimei/80/VHDL/trigger/Trigger/HW/HDL/UDP/UDP_mr/COUNTER_6B_LUT_FIFO_MODE.vhd 2011/06/08.12:55:40 O.40d
FL /home/kimei/80/VHDL/trigger/Trigger/HW/HDL/UDP/UDP_mr/dist_mem_64x8.vhd 2011/06/08.12:55:40 O.40d
FL /home/kimei/80/VHDL/trigger/Trigger/HW/HDL/UDP/UDP_mr/ENABLE_USER_DATA_TRANSMISSION.vhd 2011/06/08.12:55:40 O.40d
FL /home/kimei/80/VHDL/trigger/Trigger/HW/HDL/UDP/UDP_mr/IPV4WriteUDPHeader.vhd 2011/06/08.12:55:40 O.40d
FL /home/kimei/80/VHDL/trigger/Trigger/HW/HDL/UDP/UDP_mr/IPV4_LUT_INDEXER.vhd 2011/06/08.12:55:40 O.40d
FL /home/kimei/80/VHDL/trigger/Trigger/HW/HDL/UDP/UDP_mr/IPV4_PACKET_TRANSMITTER.vhd 2011/06/08.12:55:40 O.40d
FL /home/kimei/80/VHDL/trigger/Trigger/HW/HDL/UDP/UDP_mr/OVERRIDE_LUT_CONTROL.vhd 2011/06/08.12:55:40 O.40d
FL /home/kimei/80/VHDL/trigger/Trigger/HW/HDL/UDP/UDP_mr/REG_16B_WREN.vhd 2011/06/08.12:55:40 O.40d
FL /home/kimei/80/VHDL/trigger/Trigger/HW/HDL/UDP/UDP_mr/TARGET_EOF.vhd 2011/06/08.12:55:40 O.40d
FL /home/kimei/VHDL/trigger/Trigger/HW/HDL/CRU/COREgen/PLL_core.vhd 2011/06/08.12:55:39 O.40d
EN work/PLL_core 1313672933 \
      FL /home/kimei/VHDL/trigger/Trigger/HW/HDL/CRU/COREgen/PLL_core.vhd \
      PB ieee/std_logic_1164 1296775758 PB ieee/NUMERIC_STD 1296775759 LB UNISIM \
      PH unisim/VCOMPONENTS 1296775759
AR work/PLL_core/BEHAVIORAL 1313672934 \
      FL /home/kimei/VHDL/trigger/Trigger/HW/HDL/CRU/COREgen/PLL_core.vhd \
      EN work/PLL_core 1313672933 CP BUFG CP PLL_ADV
FL /home/kimei/VHDL/trigger/Trigger/HW/HDL/CRU/CRU.vhd 2011/06/29.10:36:59 O.40d
EN work/CRU 1313672939 FL /home/kimei/VHDL/trigger/Trigger/HW/HDL/CRU/CRU.vhd \
      PB ieee/std_logic_1164 1296775758 PB ieee/std_logic_arith 1296775759 \
      PB ieee/STD_LOGIC_UNSIGNED 1296775760 LB UNISIM PH unisim/VCOMPONENTS 1296775759 \
      PH work/components 1313672876 PH work/constants 1313672867
AR work/CRU/Behavioral 1313672940 \
      FL /home/kimei/VHDL/trigger/Trigger/HW/HDL/CRU/CRU.vhd EN work/CRU 1313672939 \
      CP PLL_core CP OBUFDS CP ODDR CP IBUFG CP work/a2s
FL /home/kimei/VHDL/trigger/Trigger/HW/HDL/random_trigger/rand_trigger.vhd 2011/08/18.13:35:53 O.40d
EN work/rand_trigger 1313672943 \
      FL /home/kimei/VHDL/trigger/Trigger/HW/HDL/random_trigger/rand_trigger.vhd \
      PB ieee/std_logic_1164 1296775758 PB ieee/std_logic_arith 1296775759 \
      PB ieee/STD_LOGIC_UNSIGNED 1296775760 PB ieee/NUMERIC_STD 1296775759 \
      LB UNISIM PH unisim/VCOMPONENTS 1296775759 PH work/components 1313672876 \
      PH work/constants 1313672867 PB work/functions 1313672878
AR work/rand_trigger/Behavioral 1313672944 \
      FL /home/kimei/VHDL/trigger/Trigger/HW/HDL/random_trigger/rand_trigger.vhd \
      EN work/rand_trigger 1313672943
FL /home/kimei/VHDL/trigger/Trigger/HW/HDL/rate_counter/fifo/fifo_generator_v4_4.vhd 2011/06/14.10:55:44 O.40d
EN work/fifo_generator_v4_4 1313672931 \
      FL /home/kimei/VHDL/trigger/Trigger/HW/HDL/rate_counter/fifo/fifo_generator_v4_4.vhd \
      PB ieee/std_logic_1164 1296775758
AR work/fifo_generator_v4_4/fifo_generator_v4_4_a 1313672932 \
      FL /home/kimei/VHDL/trigger/Trigger/HW/HDL/rate_counter/fifo/fifo_generator_v4_4.vhd \
      EN work/fifo_generator_v4_4 1313672931
FL /home/kimei/VHDL/trigger/Trigger/HW/HDL/rate_counter/rate_counter.vhd 2011/08/17.16:47:28 O.40d
EN work/rate_counter 1313672929 \
      FL /home/kimei/VHDL/trigger/Trigger/HW/HDL/rate_counter/rate_counter.vhd \
      PB ieee/std_logic_1164 1296775758 PB ieee/NUMERIC_STD 1296775759 LB UNISIM \
      PH unisim/VCOMPONENTS 1296775759 PH work/components 1313672876 \
      PH work/constants 1313672867
AR work/rate_counter/behave 1313672930 \
      FL /home/kimei/VHDL/trigger/Trigger/HW/HDL/rate_counter/rate_counter.vhd \
      EN work/rate_counter 1313672929 CP edge_detector
FL /home/kimei/VHDL/trigger/Trigger/HW/HDL/Shared/a2s.vhd 2011/06/08.12:55:40 O.40d
EN work/a2s 1313672935 FL /home/kimei/VHDL/trigger/Trigger/HW/HDL/Shared/a2s.vhd \
      PB ieee/std_logic_1164 1296775758 PB ieee/NUMERIC_STD 1296775759 \
      PH work/constants 1313672867
AR work/a2s/rtl 1313672936 \
      FL /home/kimei/VHDL/trigger/Trigger/HW/HDL/Shared/a2s.vhd EN work/a2s 1313672935
FL /home/kimei/VHDL/trigger/Trigger/HW/HDL/Shared/components.vhd 2011/08/17.14:26:17 O.40d
PH work/components 1313672876 \
      FL /home/kimei/VHDL/trigger/Trigger/HW/HDL/Shared/components.vhd \
      PB ieee/std_logic_1164 1296775758 PB ieee/NUMERIC_STD 1296775759 \
      PH work/constants 1313672867 CD PLL_core CD edge_detector CD CRU CD a2s \
      CD sync_trigger CD uart CD com CD st_fsm CD OBUFDS CD IBUFDS CD system \
      CD rate_counter CD fifo_generator_v4_4
FL /home/kimei/VHDL/trigger/Trigger/HW/HDL/Shared/constants.vhd 2011/06/08.12:55:40 O.40d
PH work/constants 1313672867 \
      FL /home/kimei/VHDL/trigger/Trigger/HW/HDL/Shared/constants.vhd \
      PB ieee/std_logic_1164 1296775758 PB ieee/NUMERIC_STD 1296775759
FL /home/kimei/VHDL/trigger/Trigger/HW/HDL/Shared/functions.vhd 2011/06/08.12:55:40 O.40d
PH work/functions 1313672877 \
      FL /home/kimei/VHDL/trigger/Trigger/HW/HDL/Shared/functions.vhd \
      PB ieee/std_logic_1164 1296775758
PB work/functions 1313672878 \
      FL /home/kimei/VHDL/trigger/Trigger/HW/HDL/Shared/functions.vhd \
      PH work/functions 1313672877
FL /home/kimei/VHDL/trigger/Trigger/HW/HDL/switchDebouncer/SwitchDebouncer.vhdl 2011/06/22.10:58:56 O.40d
EN work/SwitchDebouncer 1313672937 \
      FL /home/kimei/VHDL/trigger/Trigger/HW/HDL/switchDebouncer/SwitchDebouncer.vhdl \
      PB ieee/std_logic_1164 1296775758 PB ieee/NUMERIC_STD 1296775759
AR work/SwitchDebouncer/Structural 1313672938 \
      FL /home/kimei/VHDL/trigger/Trigger/HW/HDL/switchDebouncer/SwitchDebouncer.vhdl \
      EN work/SwitchDebouncer 1313672937 CP integer CP std_logic_vector
FL /home/kimei/VHDL/trigger/Trigger/HW/HDL/Sync_Trigger/edge_detector.vhd 2011/06/29.10:51:40 O.40d
EN work/edge_detector 1313672909 \
      FL /home/kimei/VHDL/trigger/Trigger/HW/HDL/Sync_Trigger/edge_detector.vhd \
      PB ieee/std_logic_1164 1296775758 PB ieee/std_logic_arith 1296775759 \
      PB ieee/STD_LOGIC_UNSIGNED 1296775760 LB UNISIM PH unisim/VCOMPONENTS 1296775759 \
      PH work/components 1313672876 PH work/constants 1313672867 PB work/functions 1313672878
AR work/edge_detector/behave 1313672910 \
      FL /home/kimei/VHDL/trigger/Trigger/HW/HDL/Sync_Trigger/edge_detector.vhd \
      EN work/edge_detector 1313672909
FL /home/kimei/VHDL/trigger/Trigger/HW/HDL/Sync_Trigger/Sync_trigger.vhd 2011/08/18.11:47:39 O.40d
EN work/sync_trigger 1313672941 \
      FL /home/kimei/VHDL/trigger/Trigger/HW/HDL/Sync_Trigger/Sync_trigger.vhd \
      PB ieee/std_logic_1164 1296775758 PB ieee/std_logic_arith 1296775759 \
      PB ieee/STD_LOGIC_UNSIGNED 1296775760 PB ieee/NUMERIC_STD 1296775759 \
      LB UNISIM PH unisim/VCOMPONENTS 1296775759 PH work/components 1313672876 \
      PH work/constants 1313672867 PB work/functions 1313672878
AR work/sync_trigger/Behavioral 1313672942 \
      FL /home/kimei/VHDL/trigger/Trigger/HW/HDL/Sync_Trigger/Sync_trigger.vhd \
      EN work/sync_trigger 1313672941 CP edge_detector
FL /home/kimei/VHDL/trigger/Trigger/HW/HDL/top/top.vhd 2011/08/18.15:07:21 O.40d
EN work/top 1313672947 FL /home/kimei/VHDL/trigger/Trigger/HW/HDL/top/top.vhd \
      PB ieee/std_logic_1164 1296775758 PB ieee/std_logic_arith 1296775759 \
      PB ieee/STD_LOGIC_UNSIGNED 1296775760 LB UNISIM PH unisim/VCOMPONENTS 1296775759 \
      PH work/components 1313672876 PH work/constants 1313672867
AR work/top/Behavioral 1313672948 \
      FL /home/kimei/VHDL/trigger/Trigger/HW/HDL/top/top.vhd EN work/top 1313672947 \
      CP work/SwitchDebouncer CP CRU CP sync_trigger CP IBUFDS CP OBUFDS \
      CP work/rand_trigger CP work/v5_emac_v1_5_example_design
FL /home/kimei/VHDL/trigger/Trigger/HW/HDL/UDP/CoreGEN/v5_emac_v1_5/example_design/client/fifo/eth_fifo_8.vhd 2011/06/08.12:55:40 O.40d
EN work/eth_fifo_8 1313672919 \
      FL /home/kimei/VHDL/trigger/Trigger/HW/HDL/UDP/CoreGEN/v5_emac_v1_5/example_design/client/fifo/eth_fifo_8.vhd \
      LB UNISIM PH unisim/VCOMPONENTS 1296775759 PB ieee/std_logic_1164 1296775758 \
      PB ieee/STD_LOGIC_UNSIGNED 1296775760 PB ieee/NUMERIC_STD 1296775759
AR work/eth_fifo_8/RTL 1313672920 \
      FL /home/kimei/VHDL/trigger/Trigger/HW/HDL/UDP/CoreGEN/v5_emac_v1_5/example_design/client/fifo/eth_fifo_8.vhd \
      EN work/eth_fifo_8 1313672919 CP tx_client_fifo_8 CP rx_client_fifo_8
FL /home/kimei/VHDL/trigger/Trigger/HW/HDL/UDP/CoreGEN/v5_emac_v1_5/example_design/client/fifo/rx_client_fifo_8.vhd 2011/06/08.12:55:40 O.40d
EN work/rx_client_fifo_8 1313672903 \
      FL /home/kimei/VHDL/trigger/Trigger/HW/HDL/UDP/CoreGEN/v5_emac_v1_5/example_design/client/fifo/rx_client_fifo_8.vhd \
      LB UNISIM PH unisim/VCOMPONENTS 1296775759 PB ieee/std_logic_1164 1296775758 \
      PB ieee/STD_LOGIC_UNSIGNED 1296775760 PB ieee/NUMERIC_STD 1296775759
AR work/rx_client_fifo_8/RTL 1313672904 \
      FL /home/kimei/VHDL/trigger/Trigger/HW/HDL/UDP/CoreGEN/v5_emac_v1_5/example_design/client/fifo/rx_client_fifo_8.vhd \
      EN work/rx_client_fifo_8 1313672903 CP RAMB16_S9_S9
FL /home/kimei/VHDL/trigger/Trigger/HW/HDL/UDP/CoreGEN/v5_emac_v1_5/example_design/client/fifo/tx_client_fifo_8.vhd 2011/06/08.12:55:40 O.40d
EN work/tx_client_fifo_8 1313672901 \
      FL /home/kimei/VHDL/trigger/Trigger/HW/HDL/UDP/CoreGEN/v5_emac_v1_5/example_design/client/fifo/tx_client_fifo_8.vhd \
      LB UNISIM PH unisim/VCOMPONENTS 1296775759 PB ieee/std_logic_1164 1296775758 \
      PB ieee/STD_LOGIC_UNSIGNED 1296775760 PB ieee/NUMERIC_STD 1296775759
AR work/tx_client_fifo_8/RTL 1313672902 \
      FL /home/kimei/VHDL/trigger/Trigger/HW/HDL/UDP/CoreGEN/v5_emac_v1_5/example_design/client/fifo/tx_client_fifo_8.vhd \
      EN work/tx_client_fifo_8 1313672901 CP RAMB16_S9_S9
FL /home/kimei/VHDL/trigger/Trigger/HW/HDL/UDP/CoreGEN/v5_emac_v1_5/example_design/physical/gmii_if.vhd 2011/06/08.12:55:40 O.40d
EN work/gmii_if 1313672905 \
      FL /home/kimei/VHDL/trigger/Trigger/HW/HDL/UDP/CoreGEN/v5_emac_v1_5/example_design/physical/gmii_if.vhd \
      LB UNISIM PH unisim/VCOMPONENTS 1296775759 PB ieee/std_logic_1164 1296775758
AR work/gmii_if/PHY_IF 1313672906 \
      FL /home/kimei/VHDL/trigger/Trigger/HW/HDL/UDP/CoreGEN/v5_emac_v1_5/example_design/physical/gmii_if.vhd \
      EN work/gmii_if 1313672905 CP ODDR CP IDELAY
FL /home/kimei/VHDL/trigger/Trigger/HW/HDL/UDP/CoreGEN/v5_emac_v1_5/example_design/v5_emac_v1_5.vhd 2011/06/08.12:55:40 O.40d
EN work/v5_emac_v1_5 1313672907 \
      FL /home/kimei/VHDL/trigger/Trigger/HW/HDL/UDP/CoreGEN/v5_emac_v1_5/example_design/v5_emac_v1_5.vhd \
      LB UNISIM PH unisim/VCOMPONENTS 1296775759 PB ieee/std_logic_1164 1296775758
AR work/v5_emac_v1_5/WRAPPER 1313672908 \
      FL /home/kimei/VHDL/trigger/Trigger/HW/HDL/UDP/CoreGEN/v5_emac_v1_5/example_design/v5_emac_v1_5.vhd \
      EN work/v5_emac_v1_5 1313672907 CP TEMAC
FL /home/kimei/VHDL/trigger/Trigger/HW/HDL/UDP/CoreGEN/v5_emac_v1_5/example_design/v5_emac_v1_5_block.vhd 2011/06/08.12:55:40 O.40d
EN work/v5_emac_v1_5_block 1313672917 \
      FL /home/kimei/VHDL/trigger/Trigger/HW/HDL/UDP/CoreGEN/v5_emac_v1_5/example_design/v5_emac_v1_5_block.vhd \
      LB UNISIM PH unisim/VCOMPONENTS 1296775759 PB ieee/std_logic_1164 1296775758
AR work/v5_emac_v1_5_block/TOP_LEVEL 1313672918 \
      FL /home/kimei/VHDL/trigger/Trigger/HW/HDL/UDP/CoreGEN/v5_emac_v1_5/example_design/v5_emac_v1_5_block.vhd \
      EN work/v5_emac_v1_5_block 1313672917 CP gmii_if CP v5_emac_v1_5
FL /home/kimei/VHDL/trigger/Trigger/HW/HDL/UDP/CoreGEN/v5_emac_v1_5/example_design/v5_emac_v1_5_example_design.vhd 2011/08/18.14:46:26 O.40d
EN work/v5_emac_v1_5_example_design 1313672945 \
      FL /home/kimei/VHDL/trigger/Trigger/HW/HDL/UDP/CoreGEN/v5_emac_v1_5/example_design/v5_emac_v1_5_example_design.vhd \
      LB UNISIM PH unisim/VCOMPONENTS 1296775759 PB ieee/std_logic_1164 1296775758 \
      PB ieee/NUMERIC_STD 1296775759 PH work/components 1313672876 \
      PH work/constants 1313672867
AR work/v5_emac_v1_5_example_design/TOP_LEVEL 1313672946 \
      FL /home/kimei/VHDL/trigger/Trigger/HW/HDL/UDP/CoreGEN/v5_emac_v1_5/example_design/v5_emac_v1_5_example_design.vhd \
      EN work/v5_emac_v1_5_example_design 1313672945 CP IDELAYCTRL CP IODELAY \
      CP BUFG CP v5_emac_v1_5_locallink CP work/UDP_IP_Core CP work/udp_rec \
      CP work/receiver_control CP rate_counter CP fifo_generator_v4_4 CP IBUF
FL /home/kimei/VHDL/trigger/Trigger/HW/HDL/UDP/CoreGEN/v5_emac_v1_5/example_design/v5_emac_v1_5_locallink.vhd 2011/06/08.12:55:40 O.40d
EN work/v5_emac_v1_5_locallink 1313672921 \
      FL /home/kimei/VHDL/trigger/Trigger/HW/HDL/UDP/CoreGEN/v5_emac_v1_5/example_design/v5_emac_v1_5_locallink.vhd \
      LB UNISIM PH unisim/VCOMPONENTS 1296775759 PB ieee/std_logic_1164 1296775758
AR work/v5_emac_v1_5_locallink/TOP_LEVEL 1313672922 \
      FL /home/kimei/VHDL/trigger/Trigger/HW/HDL/UDP/CoreGEN/v5_emac_v1_5/example_design/v5_emac_v1_5_locallink.vhd \
      EN work/v5_emac_v1_5_locallink 1313672921 CP v5_emac_v1_5_block \
      CP eth_fifo_8
FL /home/kimei/VHDL/trigger/Trigger/HW/HDL/UDP/UDPIP/udp_ip__core/trunk/UDP_IP_CORE/UDP_IP_CORE__Virtex5/COUNTER_11B_EN_RECEIV.vhd 2011/06/08.12:55:40 O.40d
EN work/COUNTER_11B_EN_RECEIV 1313672883 \
      FL /home/kimei/VHDL/trigger/Trigger/HW/HDL/UDP/UDPIP/udp_ip__core/trunk/UDP_IP_CORE/UDP_IP_CORE__Virtex5/COUNTER_11B_EN_RECEIV.vhd \
      PB ieee/std_logic_1164 1296775758 PB ieee/std_logic_arith 1296775759 \
      PB ieee/STD_LOGIC_UNSIGNED 1296775760
AR work/COUNTER_11B_EN_RECEIV/Behavioral 1313672884 \
      FL /home/kimei/VHDL/trigger/Trigger/HW/HDL/UDP/UDPIP/udp_ip__core/trunk/UDP_IP_CORE/UDP_IP_CORE__Virtex5/COUNTER_11B_EN_RECEIV.vhd \
      EN work/COUNTER_11B_EN_RECEIV 1313672883
FL /home/kimei/VHDL/trigger/Trigger/HW/HDL/UDP/UDPIP/udp_ip__core/trunk/UDP_IP_CORE/UDP_IP_CORE__Virtex5/IPv4_PACKET_RECEIVER.vhd 2011/08/15.10:52:07 O.40d
EN work/IPv4_PACKET_RECEIVER 1313672915 \
      FL /home/kimei/VHDL/trigger/Trigger/HW/HDL/UDP/UDPIP/udp_ip__core/trunk/UDP_IP_CORE/UDP_IP_CORE__Virtex5/IPv4_PACKET_RECEIVER.vhd \
      PB ieee/std_logic_1164 1296775758 PB ieee/std_logic_arith 1296775759 \
      PB ieee/STD_LOGIC_UNSIGNED 1296775760
AR work/IPv4_PACKET_RECEIVER/Behavioral 1313672916 \
      FL /home/kimei/VHDL/trigger/Trigger/HW/HDL/UDP/UDPIP/udp_ip__core/trunk/UDP_IP_CORE/UDP_IP_CORE__Virtex5/IPv4_PACKET_RECEIVER.vhd \
      EN work/IPv4_PACKET_RECEIVER 1313672915 CP PACKET_RECEIVER_FSM \
      CP REG_8b_wren CP COUNTER_11B_EN_RECEIV CP Comp_11b_equal
FL /home/kimei/VHDL/trigger/Trigger/HW/HDL/UDP/UDPIP/udp_ip__core/trunk/UDP_IP_CORE/UDP_IP_CORE__Virtex5/PACKET_RECEIVER_FSM.vhd 2011/06/29.11:17:51 O.40d
EN work/PACKET_RECEIVER_FSM 1313672879 \
      FL /home/kimei/VHDL/trigger/Trigger/HW/HDL/UDP/UDPIP/udp_ip__core/trunk/UDP_IP_CORE/UDP_IP_CORE__Virtex5/PACKET_RECEIVER_FSM.vhd \
      PB ieee/std_logic_1164 1296775758 PB ieee/std_logic_arith 1296775759 \
      PB ieee/STD_LOGIC_UNSIGNED 1296775760
AR work/PACKET_RECEIVER_FSM/Behavioral 1313672880 \
      FL /home/kimei/VHDL/trigger/Trigger/HW/HDL/UDP/UDPIP/udp_ip__core/trunk/UDP_IP_CORE/UDP_IP_CORE__Virtex5/PACKET_RECEIVER_FSM.vhd \
      EN work/PACKET_RECEIVER_FSM 1313672879
FL /home/kimei/VHDL/trigger/Trigger/HW/HDL/UDP/UDPIP/udp_ip__core/trunk/UDP_IP_CORE/UDP_IP_CORE__Virtex5/REG_8b_wren.vhd 2011/06/08.12:55:40 O.40d
EN work/REG_8b_wren 1313672881 \
      FL /home/kimei/VHDL/trigger/Trigger/HW/HDL/UDP/UDPIP/udp_ip__core/trunk/UDP_IP_CORE/UDP_IP_CORE__Virtex5/REG_8b_wren.vhd \
      PB ieee/std_logic_1164 1296775758 PB ieee/std_logic_arith 1296775759 \
      PB ieee/STD_LOGIC_UNSIGNED 1296775760
AR work/REG_8b_wren/Behavioral 1313672882 \
      FL /home/kimei/VHDL/trigger/Trigger/HW/HDL/UDP/UDPIP/udp_ip__core/trunk/UDP_IP_CORE/UDP_IP_CORE__Virtex5/REG_8b_wren.vhd \
      EN work/REG_8b_wren 1313672881
FL /home/kimei/VHDL/trigger/Trigger/HW/HDL/UDP/UDPIP/udp_ip__core/trunk/UDP_IP_CORE/UDP_IP_CORE__Virtex5/UDP_IP_Core.vhd 2011/06/08.12:55:40 O.40d
EN work/UDP_IP_Core 1313672923 \
      FL /home/kimei/VHDL/trigger/Trigger/HW/HDL/UDP/UDPIP/udp_ip__core/trunk/UDP_IP_CORE/UDP_IP_CORE__Virtex5/UDP_IP_Core.vhd \
      PB ieee/std_logic_1164 1296775758 PB ieee/std_logic_arith 1296775759 \
      PB ieee/STD_LOGIC_UNSIGNED 1296775760
AR work/UDP_IP_Core/Behavioral 1313672924 \
      FL /home/kimei/VHDL/trigger/Trigger/HW/HDL/UDP/UDPIP/udp_ip__core/trunk/UDP_IP_CORE/UDP_IP_CORE__Virtex5/UDP_IP_Core.vhd \
      EN work/UDP_IP_Core 1313672923 CP IPV4_PACKET_TRANSMITTER \
      CP IPv4_PACKET_RECEIVER
FL /home/kimei/VHDL/trigger/Trigger/HW/HDL/UDP/UDP_mr/ALLOW_ZERO_UDP_CHECKSUM.vhd 2011/06/08.12:55:40 O.40d
EN work/ALLOW_ZERO_UDP_CHECKSUM 1313672895 \
      FL /home/kimei/VHDL/trigger/Trigger/HW/HDL/UDP/UDP_mr/ALLOW_ZERO_UDP_CHECKSUM.vhd \
      PB ieee/std_logic_1164 1296775758 PB ieee/std_logic_arith 1296775759 \
      PB ieee/STD_LOGIC_UNSIGNED 1296775760
AR work/ALLOW_ZERO_UDP_CHECKSUM/Behavioral 1313672896 \
      FL /home/kimei/VHDL/trigger/Trigger/HW/HDL/UDP/UDP_mr/ALLOW_ZERO_UDP_CHECKSUM.vhd \
      EN work/ALLOW_ZERO_UDP_CHECKSUM 1313672895
FL /home/kimei/VHDL/trigger/Trigger/HW/HDL/UDP/UDP_mr/comp_11b_equal.vhd 2011/06/08.12:55:40 O.40d
EN work/comp_11b_equal 1313672874 \
      FL /home/kimei/VHDL/trigger/Trigger/HW/HDL/UDP/UDP_mr/comp_11b_equal.vhd \
      PB ieee/std_logic_1164 1296775758
AR work/comp_11b_equal/comp_11b_equal_a 1313672875 \
      FL /home/kimei/VHDL/trigger/Trigger/HW/HDL/UDP/UDP_mr/comp_11b_equal.vhd \
      EN work/comp_11b_equal 1313672874
FL /home/kimei/VHDL/trigger/Trigger/HW/HDL/UDP/UDP_mr/comp_6b_equal.vhd 2011/06/08.12:55:40 O.40d
EN work/comp_6b_equal 1313672868 \
      FL /home/kimei/VHDL/trigger/Trigger/HW/HDL/UDP/UDP_mr/comp_6b_equal.vhd \
      PB ieee/std_logic_1164 1296775758
AR work/comp_6b_equal/comp_6b_equal_a 1313672869 \
      FL /home/kimei/VHDL/trigger/Trigger/HW/HDL/UDP/UDP_mr/comp_6b_equal.vhd \
      EN work/comp_6b_equal 1313672868
FL /home/kimei/VHDL/trigger/Trigger/HW/HDL/UDP/UDP_mr/COUNTER_11B_EN_TRANS.vhd 2011/06/08.12:55:40 O.40d
EN work/COUNTER_11B_EN_TRANS 1313672872 \
      FL /home/kimei/VHDL/trigger/Trigger/HW/HDL/UDP/UDP_mr/COUNTER_11B_EN_TRANS.vhd \
      PB ieee/std_logic_1164 1296775758 PB ieee/std_logic_arith 1296775759 \
      PB ieee/STD_LOGIC_UNSIGNED 1296775760
AR work/COUNTER_11B_EN_TRANS/Behavioral 1313672873 \
      FL /home/kimei/VHDL/trigger/Trigger/HW/HDL/UDP/UDP_mr/COUNTER_11B_EN_TRANS.vhd \
      EN work/COUNTER_11B_EN_TRANS 1313672872
FL /home/kimei/VHDL/trigger/Trigger/HW/HDL/UDP/UDP_mr/COUNTER_6B_LUT_FIFO_MODE.vhd 2011/06/08.12:55:40 O.40d
EN work/COUNTER_6B_LUT_FIFO_MODE 1313672870 \
      FL /home/kimei/VHDL/trigger/Trigger/HW/HDL/UDP/UDP_mr/COUNTER_6B_LUT_FIFO_MODE.vhd \
      PB ieee/std_logic_1164 1296775758 PB ieee/std_logic_arith 1296775759 \
      PB ieee/STD_LOGIC_UNSIGNED 1296775760
AR work/COUNTER_6B_LUT_FIFO_MODE/Behavioral 1313672871 \
      FL /home/kimei/VHDL/trigger/Trigger/HW/HDL/UDP/UDP_mr/COUNTER_6B_LUT_FIFO_MODE.vhd \
      EN work/COUNTER_6B_LUT_FIFO_MODE 1313672870
FL /home/kimei/VHDL/trigger/Trigger/HW/HDL/UDP/UDP_mr/dist_mem_64x8.vhd 2011/06/08.12:55:40 O.40d
EN work/dist_mem_64x8 1313672891 \
      FL /home/kimei/VHDL/trigger/Trigger/HW/HDL/UDP/UDP_mr/dist_mem_64x8.vhd \
      PB ieee/std_logic_1164 1296775758
AR work/dist_mem_64x8/dist_mem_64x8_a 1313672892 \
      FL /home/kimei/VHDL/trigger/Trigger/HW/HDL/UDP/UDP_mr/dist_mem_64x8.vhd \
      EN work/dist_mem_64x8 1313672891
FL /home/kimei/VHDL/trigger/Trigger/HW/HDL/UDP/UDP_mr/ENABLE_USER_DATA_TRANSMISSION.vhd 2011/06/08.12:55:40 O.40d
EN work/ENABLE_USER_DATA_TRANSMISSION 1313672897 \
      FL /home/kimei/VHDL/trigger/Trigger/HW/HDL/UDP/UDP_mr/ENABLE_USER_DATA_TRANSMISSION.vhd \
      PB ieee/std_logic_1164 1296775758 PB ieee/std_logic_arith 1296775759 \
      PB ieee/STD_LOGIC_UNSIGNED 1296775760
AR work/ENABLE_USER_DATA_TRANSMISSION/Behavioral 1313672898 \
      FL /home/kimei/VHDL/trigger/Trigger/HW/HDL/UDP/UDP_mr/ENABLE_USER_DATA_TRANSMISSION.vhd \
      EN work/ENABLE_USER_DATA_TRANSMISSION 1313672897
FL /home/kimei/VHDL/trigger/Trigger/HW/HDL/UDP/UDP_mr/IPV4WriteUDPHeader.vhd 2011/06/08.12:55:40 O.40d
EN work/IPV4WriteUDPHeader 1313672899 \
      FL /home/kimei/VHDL/trigger/Trigger/HW/HDL/UDP/UDP_mr/IPV4WriteUDPHeader.vhd \
      PB ieee/std_logic_1164 1296775758 PB ieee/NUMERIC_STD 1296775759 LB UNISIM \
      PH unisim/VCOMPONENTS 1296775759
AR work/IPV4WriteUDPHeader/Behavioral 1313672900 \
      FL /home/kimei/VHDL/trigger/Trigger/HW/HDL/UDP/UDP_mr/IPV4WriteUDPHeader.vhd \
      EN work/IPV4WriteUDPHeader 1313672899
FL /home/kimei/VHDL/trigger/Trigger/HW/HDL/UDP/UDP_mr/IPV4_LUT_INDEXER.vhd 2011/06/08.12:55:40 O.40d
EN work/IPV4_LUT_INDEXER 1313672889 \
      FL /home/kimei/VHDL/trigger/Trigger/HW/HDL/UDP/UDP_mr/IPV4_LUT_INDEXER.vhd \
      PB ieee/std_logic_1164 1296775758 PB ieee/std_logic_arith 1296775759 \
      PB ieee/STD_LOGIC_UNSIGNED 1296775760
AR work/IPV4_LUT_INDEXER/Behavioral 1313672890 \
      FL /home/kimei/VHDL/trigger/Trigger/HW/HDL/UDP/UDP_mr/IPV4_LUT_INDEXER.vhd \
      EN work/IPV4_LUT_INDEXER 1313672889 CP comp_6b_equal \
      CP COUNTER_6B_LUT_FIFO_MODE
FL /home/kimei/VHDL/trigger/Trigger/HW/HDL/UDP/UDP_mr/IPV4_PACKET_TRANSMITTER.vhd 2011/06/08.12:55:40 O.40d
EN work/IPV4_PACKET_TRANSMITTER 1313672913 \
      FL /home/kimei/VHDL/trigger/Trigger/HW/HDL/UDP/UDP_mr/IPV4_PACKET_TRANSMITTER.vhd \
      PB ieee/std_logic_1164 1296775758 PB ieee/std_logic_arith 1296775759 \
      PB ieee/STD_LOGIC_UNSIGNED 1296775760
AR work/IPV4_PACKET_TRANSMITTER/Behavioral 1313672914 \
      FL /home/kimei/VHDL/trigger/Trigger/HW/HDL/UDP/UDP_mr/IPV4_PACKET_TRANSMITTER.vhd \
      EN work/IPV4_PACKET_TRANSMITTER 1313672913 CP TARGET_EOF CP REG_16B_WREN \
      CP IPV4_LUT_INDEXER CP dist_mem_64x8 CP OVERRIDE_LUT_CONTROL \
      CP ALLOW_ZERO_UDP_CHECKSUM CP ENABLE_USER_DATA_TRANSMISSION \
      CP work/IPV4WriteUDPHeader
FL /home/kimei/VHDL/trigger/Trigger/HW/HDL/UDP/UDP_mr/OVERRIDE_LUT_CONTROL.vhd 2011/06/08.12:55:40 O.40d
EN work/OVERRIDE_LUT_CONTROL 1313672893 \
      FL /home/kimei/VHDL/trigger/Trigger/HW/HDL/UDP/UDP_mr/OVERRIDE_LUT_CONTROL.vhd \
      PB ieee/std_logic_1164 1296775758 PB ieee/std_logic_arith 1296775759 \
      PB ieee/STD_LOGIC_UNSIGNED 1296775760
AR work/OVERRIDE_LUT_CONTROL/Behavioral 1313672894 \
      FL /home/kimei/VHDL/trigger/Trigger/HW/HDL/UDP/UDP_mr/OVERRIDE_LUT_CONTROL.vhd \
      EN work/OVERRIDE_LUT_CONTROL 1313672893 CP comp_6b_equal
FL /home/kimei/VHDL/trigger/Trigger/HW/HDL/UDP/UDP_mr/REG_16B_WREN.vhd 2011/06/08.12:55:40 O.40d
EN work/REG_16B_WREN 1313672887 \
      FL /home/kimei/VHDL/trigger/Trigger/HW/HDL/UDP/UDP_mr/REG_16B_WREN.vhd \
      PB ieee/std_logic_1164 1296775758 PB ieee/std_logic_arith 1296775759 \
      PB ieee/STD_LOGIC_UNSIGNED 1296775760
AR work/REG_16B_WREN/Behavioral 1313672888 \
      FL /home/kimei/VHDL/trigger/Trigger/HW/HDL/UDP/UDP_mr/REG_16B_WREN.vhd \
      EN work/REG_16B_WREN 1313672887
FL /home/kimei/VHDL/trigger/Trigger/HW/HDL/UDP/UDP_mr/TARGET_EOF.vhd 2011/06/08.12:55:40 O.40d
EN work/TARGET_EOF 1313672885 \
      FL /home/kimei/VHDL/trigger/Trigger/HW/HDL/UDP/UDP_mr/TARGET_EOF.vhd \
      PB ieee/std_logic_1164 1296775758 PB ieee/std_logic_arith 1296775759 \
      PB ieee/STD_LOGIC_UNSIGNED 1296775760
AR work/TARGET_EOF/Behavioral 1313672886 \
      FL /home/kimei/VHDL/trigger/Trigger/HW/HDL/UDP/UDP_mr/TARGET_EOF.vhd \
      EN work/TARGET_EOF 1313672885 CP COUNTER_11B_EN_TRANS CP Comp_11b_equal
FL /home/kimei/VHDL/trigger/Trigger/HW/HDL/UDP/UDP_rec_kim/fifo/fifo_generator_v8_1.vhd 2011/08/17.13:00:04 O.40d
EN work/fifo_generator_v8_1 1313672911 \
      FL /home/kimei/VHDL/trigger/Trigger/HW/HDL/UDP/UDP_rec_kim/fifo/fifo_generator_v8_1.vhd \
      PB ieee/std_logic_1164 1296775758
AR work/fifo_generator_v8_1/fifo_generator_v8_1_a 1313672912 \
      FL /home/kimei/VHDL/trigger/Trigger/HW/HDL/UDP/UDP_rec_kim/fifo/fifo_generator_v8_1.vhd \
      EN work/fifo_generator_v8_1 1313672911
FL /home/kimei/VHDL/trigger/Trigger/HW/HDL/UDP/UDP_rec_kim/receiver_control.vhd 2011/08/18.14:44:06 O.40d
EN work/receiver_control 1313672927 \
      FL /home/kimei/VHDL/trigger/Trigger/HW/HDL/UDP/UDP_rec_kim/receiver_control.vhd \
      LB UNISIM PH unisim/VCOMPONENTS 1296775759 PB ieee/std_logic_1164 1296775758 \
      PB ieee/NUMERIC_STD 1296775759 PH work/components 1313672876 \
      PH work/constants 1313672867
AR work/receiver_control/behave 1313672928 \
      FL /home/kimei/VHDL/trigger/Trigger/HW/HDL/UDP/UDP_rec_kim/receiver_control.vhd \
      EN work/receiver_control 1313672927 CP fifo_generator_v8_1
FL /home/kimei/VHDL/trigger/Trigger/HW/HDL/UDP/UDP_rec_kim/udp_rec.vhd 2011/08/17.09:36:06 O.40d
EN work/udp_rec 1313672925 \
      FL /home/kimei/VHDL/trigger/Trigger/HW/HDL/UDP/UDP_rec_kim/udp_rec.vhd \
      LB UNISIM PH unisim/VCOMPONENTS 1296775759 PB ieee/std_logic_1164 1296775758 \
      PB ieee/NUMERIC_STD 1296775759 PH work/components 1313672876 \
      PH work/constants 1313672867
AR work/udp_rec/behave 1313672926 \
      FL /home/kimei/VHDL/trigger/Trigger/HW/HDL/UDP/UDP_rec_kim/udp_rec.vhd \
      EN work/udp_rec 1313672925
FL /media/disk2/trigger/Trigger/HW/HDL/CRU/COREgen/PLL_core.vhd 2011/06/06.10:17:52 O.40d
FL /media/disk2/trigger/Trigger/HW/HDL/CRU/CRU.vhd 2011/06/06.10:17:52 O.40d
FL /media/disk2/trigger/Trigger/HW/HDL/rate_counter/fifo/fifo_generator_v4_4.vhd 2011/06/06.10:17:53 O.40d
FL /media/disk2/trigger/Trigger/HW/HDL/rate_counter/rate_counter.vhd 2011/06/06.10:17:53 O.40d
FL /media/disk2/trigger/Trigger/HW/HDL/Shared/a2s.vhd 2011/06/06.10:17:53 O.40d
FL /media/disk2/trigger/Trigger/HW/HDL/Shared/components.vhd 2011/06/06.10:17:53 O.40d
FL /media/disk2/trigger/Trigger/HW/HDL/Shared/constants.vhd 2011/06/06.10:17:53 O.40d
FL /media/disk2/trigger/Trigger/HW/HDL/Shared/functions.vhd 2011/06/06.10:17:53 O.40d
FL /media/disk2/trigger/Trigger/HW/HDL/Sync_Trigger/edge_detector.vhd 2011/06/06.10:17:53 O.40d
FL /media/disk2/trigger/Trigger/HW/HDL/Sync_Trigger/Sync_trigger.vhd 2011/06/07.09:59:03 O.40d
FL /media/disk2/trigger/Trigger/HW/HDL/top/top.vhd 2011/06/07.15:30:40 O.40d
FL /media/disk2/trigger/Trigger/HW/HDL/UDP/CoreGEN/v5_emac_v1_5/example_design/client/fifo/eth_fifo_8.vhd 2011/06/06.10:17:53 O.40d
FL /media/disk2/trigger/Trigger/HW/HDL/UDP/CoreGEN/v5_emac_v1_5/example_design/client/fifo/rx_client_fifo_8.vhd 2011/06/06.10:17:53 O.40d
FL /media/disk2/trigger/Trigger/HW/HDL/UDP/CoreGEN/v5_emac_v1_5/example_design/client/fifo/tx_client_fifo_8.vhd 2011/06/06.10:17:53 O.40d
FL /media/disk2/trigger/Trigger/HW/HDL/UDP/CoreGEN/v5_emac_v1_5/example_design/physical/gmii_if.vhd 2011/06/06.10:17:53 O.40d
FL /media/disk2/trigger/Trigger/HW/HDL/UDP/CoreGEN/v5_emac_v1_5/example_design/v5_emac_v1_5.vhd 2011/06/06.10:17:53 O.40d
FL /media/disk2/trigger/Trigger/HW/HDL/UDP/CoreGEN/v5_emac_v1_5/example_design/v5_emac_v1_5_block.vhd 2011/06/06.10:17:53 O.40d
FL /media/disk2/trigger/Trigger/HW/HDL/UDP/CoreGEN/v5_emac_v1_5/example_design/v5_emac_v1_5_example_design.vhd 2011/06/06.10:17:53 O.40d
FL /media/disk2/trigger/Trigger/HW/HDL/UDP/CoreGEN/v5_emac_v1_5/example_design/v5_emac_v1_5_locallink.vhd 2011/06/06.10:17:53 O.40d
FL /media/disk2/trigger/Trigger/HW/HDL/UDP/UDPIP/udp_ip__core/trunk/UDP_IP_CORE/UDP_IP_CORE__Virtex5/COUNTER_11B_EN_RECEIV.vhd 2011/06/06.10:17:53 O.40d
FL /media/disk2/trigger/Trigger/HW/HDL/UDP/UDPIP/udp_ip__core/trunk/UDP_IP_CORE/UDP_IP_CORE__Virtex5/IPv4_PACKET_RECEIVER.vhd 2011/06/06.10:17:53 O.40d
FL /media/disk2/trigger/Trigger/HW/HDL/UDP/UDPIP/udp_ip__core/trunk/UDP_IP_CORE/UDP_IP_CORE__Virtex5/PACKET_RECEIVER_FSM.vhd 2011/06/06.10:17:53 O.40d
FL /media/disk2/trigger/Trigger/HW/HDL/UDP/UDPIP/udp_ip__core/trunk/UDP_IP_CORE/UDP_IP_CORE__Virtex5/REG_8b_wren.vhd 2011/06/06.10:17:53 O.40d
FL /media/disk2/trigger/Trigger/HW/HDL/UDP/UDPIP/udp_ip__core/trunk/UDP_IP_CORE/UDP_IP_CORE__Virtex5/UDP_IP_Core.vhd 2011/06/06.10:17:53 O.40d
FL /media/disk2/trigger/Trigger/HW/HDL/UDP/UDP_mr/ALLOW_ZERO_UDP_CHECKSUM.vhd 2011/06/06.10:17:53 O.40d
FL /media/disk2/trigger/Trigger/HW/HDL/UDP/UDP_mr/comp_11b_equal.vhd 2011/06/06.10:17:53 O.40d
FL /media/disk2/trigger/Trigger/HW/HDL/UDP/UDP_mr/comp_6b_equal.vhd 2011/06/06.10:17:53 O.40d
FL /media/disk2/trigger/Trigger/HW/HDL/UDP/UDP_mr/COUNTER_11B_EN_TRANS.vhd 2011/06/06.10:17:53 O.40d
FL /media/disk2/trigger/Trigger/HW/HDL/UDP/UDP_mr/COUNTER_6B_LUT_FIFO_MODE.vhd 2011/06/06.10:17:53 O.40d
FL /media/disk2/trigger/Trigger/HW/HDL/UDP/UDP_mr/dist_mem_64x8.vhd 2011/06/06.10:17:53 O.40d
FL /media/disk2/trigger/Trigger/HW/HDL/UDP/UDP_mr/ENABLE_USER_DATA_TRANSMISSION.vhd 2011/06/06.10:17:53 O.40d
FL /media/disk2/trigger/Trigger/HW/HDL/UDP/UDP_mr/IPV4WriteUDPHeader.vhd 2011/06/06.10:17:53 O.40d
FL /media/disk2/trigger/Trigger/HW/HDL/UDP/UDP_mr/IPV4_LUT_INDEXER.vhd 2011/06/06.10:17:53 O.40d
FL /media/disk2/trigger/Trigger/HW/HDL/UDP/UDP_mr/IPV4_PACKET_TRANSMITTER.vhd 2011/06/06.10:17:53 O.40d
FL /media/disk2/trigger/Trigger/HW/HDL/UDP/UDP_mr/OVERRIDE_LUT_CONTROL.vhd 2011/06/06.10:17:53 O.40d
FL /media/disk2/trigger/Trigger/HW/HDL/UDP/UDP_mr/REG_16B_WREN.vhd 2011/06/06.10:17:53 O.40d
FL /media/disk2/trigger/Trigger/HW/HDL/UDP/UDP_mr/TARGET_EOF.vhd 2011/06/06.10:17:53 O.40d
